Simulator report for ctrl_unit_rv32i
Wed Nov 19 13:26:00 2025
Quartus II Version 9.1 Build 350 03/24/2010 Service Pack 2 SJ Web Edition


---------------------
; Table of Contents ;
---------------------
  1. Legal Notice
  2. Simulator Summary
  3. Simulator Settings
  4. Simulation Waveforms
  5. Simulation Signal Activity
  6. Coverage Summary
  7. Complete 1/0-Value Coverage
  8. Missing 1-Value Coverage
  9. Missing 0-Value Coverage
 10. Simulator INI Usage
 11. Simulator Messages



----------------
; Legal Notice ;
----------------
Copyright (C) 1991-2010 Altera Corporation
Your use of Altera Corporation's design tools, logic functions 
and other software and tools, and its AMPP partner logic 
functions, and any output files from any of the foregoing 
(including device programming or simulation files), and any 
associated documentation or information are expressly subject 
to the terms and conditions of the Altera Program License 
Subscription Agreement, Altera MegaCore Function License 
Agreement, or other applicable license agreement, including, 
without limitation, that your use is for the sole purpose of 
programming logic devices manufactured by Altera and sold by 
Altera or its authorized distributors.  Please refer to the 
applicable agreement for further details.



+--------------------------------------------+
; Simulator Summary                          ;
+-----------------------------+--------------+
; Type                        ; Value        ;
+-----------------------------+--------------+
; Simulation Start Time       ; 0 ps         ;
; Simulation End Time         ; 1.0 us       ;
; Simulation Netlist Size     ; 85 nodes     ;
; Simulation Coverage         ;      58.82 % ;
; Total Number of Transitions ; 564          ;
; Simulation Breakpoints      ; 0            ;
; Family                      ; Stratix II   ;
; Device                      ; EP2S15F484C3 ;
+-----------------------------+--------------+


+----------------------------------------------------------------------------------------------------------------------------------+
; Simulator Settings                                                                                                               ;
+--------------------------------------------------------------------------------------------+---------------------+---------------+
; Option                                                                                     ; Setting             ; Default Value ;
+--------------------------------------------------------------------------------------------+---------------------+---------------+
; Simulation mode                                                                            ; Timing              ; Timing        ;
; Start time                                                                                 ; 0 ns                ; 0 ns          ;
; Simulation results format                                                                  ; CVWF                ;               ;
; Vector input source                                                                        ; ctrl_unit_rv32i.vwf ;               ;
; Add pins automatically to simulation output waveforms                                      ; On                  ; On            ;
; Check outputs                                                                              ; Off                 ; Off           ;
; Report simulation coverage                                                                 ; On                  ; On            ;
; Display complete 1/0 value coverage report                                                 ; On                  ; On            ;
; Display missing 1-value coverage report                                                    ; On                  ; On            ;
; Display missing 0-value coverage report                                                    ; On                  ; On            ;
; Detect setup and hold time violations                                                      ; Off                 ; Off           ;
; Detect glitches                                                                            ; Off                 ; Off           ;
; Disable timing delays in Timing Simulation                                                 ; Off                 ; Off           ;
; Generate Signal Activity File                                                              ; On                  ; Off           ;
; Signal Activity File output destination                                                    ; ctrl_unit_rv32i.saf ;               ;
; Generate VCD File for PowerPlay Power Analyzer                                             ; On                  ; Off           ;
; VCD File for PowerPlay Power Analyzer output destination                                   ; ctrl_unit_rv32i.vcd ;               ;
; Group bus channels in simulation results                                                   ; Off                 ; Off           ;
; Preserve fewer signal transitions to reduce memory requirements                            ; On                  ; On            ;
; Trigger vector comparison with the specified mode                                          ; INPUT_EDGE          ; INPUT_EDGE    ;
; Disable setup and hold time violations detection in input registers of bi-directional pins ; Off                 ; Off           ;
; Overwrite Waveform Inputs With Simulation Outputs                                          ; On                  ;               ;
; Perform Glitch Filtering in Timing Simulation                                              ; Auto                ; Auto          ;
+--------------------------------------------------------------------------------------------+---------------------+---------------+


+----------------------+
; Simulation Waveforms ;
+----------------------+
Waveform report data cannot be output to ASCII.
Please use Quartus II to view the waveform report data.


Start time : 0 ps
End time : 1.0 us
Time duration : 1.0 us

+-----------------------------------------------------------------------------------------------------------------------------------------------------------+
; Simulation Signal Activity                                                                                                                                ;
+-----------------------------------+-----------------------------------+------------------+--------------+--------------------+----------------------------+
; Node Name                         ; Output Port Name                  ; Output Port Type ; Toggle Count ; VCC Value Duration ; X (Unknown) Value Duration ;
+-----------------------------------+-----------------------------------+------------------+--------------+--------------------+----------------------------+
; |ctrl_unit_rv32i|WideOr4~0        ; |ctrl_unit_rv32i|WideOr4~0        ; combout          ;       13.0   ; 85.48 ns           ; 0 ps                       ;
; |ctrl_unit_rv32i|WideOr4~1        ; |ctrl_unit_rv32i|WideOr4~1        ; combout          ;        1.0   ; 25.99 ns           ; 0 ps                       ;
; |ctrl_unit_rv32i|WideOr5~0        ; |ctrl_unit_rv32i|WideOr5~0        ; combout          ;       16.0   ; 259.45 ns          ; 0 ps                       ;
; |ctrl_unit_rv32i|WideOr5~1        ; |ctrl_unit_rv32i|WideOr5~1        ; combout          ;        7.0   ; 85.99 ns           ; 0 ps                       ;
; |ctrl_unit_rv32i|WideOr7~0        ; |ctrl_unit_rv32i|WideOr7~0        ; combout          ;       30.0   ; 161.11 ns          ; 0 ps                       ;
; |ctrl_unit_rv32i|WideOr7~1        ; |ctrl_unit_rv32i|WideOr7~1        ; combout          ;        2.0   ; 20.14 ns           ; 0 ps                       ;
; |ctrl_unit_rv32i|WideOr6~0        ; |ctrl_unit_rv32i|WideOr6~0        ; combout          ;       20.0   ; 160.3 ns           ; 0 ps                       ;
; |ctrl_unit_rv32i|WideOr6~1        ; |ctrl_unit_rv32i|WideOr6~1        ; combout          ;        2.0   ; 19.96 ns           ; 0 ps                       ;
; |ctrl_unit_rv32i|Decoder2~0       ; |ctrl_unit_rv32i|Decoder2~0       ; combout          ;        5.0   ; 45.24 ns           ; 0 ps                       ;
; |ctrl_unit_rv32i|Decoder2~1       ; |ctrl_unit_rv32i|Decoder2~1       ; combout          ;        3.0   ; 26.14 ns           ; 0 ps                       ;
; |ctrl_unit_rv32i|cu_loadtype~0    ; |ctrl_unit_rv32i|cu_loadtype~0    ; combout          ;       24.0   ; 240.0 ns           ; 0 ps                       ;
; |ctrl_unit_rv32i|WideOr11~0       ; |ctrl_unit_rv32i|WideOr11~0       ; combout          ;        2.0   ; 20.0 ns            ; 0 ps                       ;
; |ctrl_unit_rv32i|Selector1~0      ; |ctrl_unit_rv32i|Selector1~0      ; combout          ;        2.0   ; 980.28 ns          ; 0 ps                       ;
; |ctrl_unit_rv32i|Selector0~0      ; |ctrl_unit_rv32i|Selector0~0      ; combout          ;        2.0   ; 999.11 ns          ; 0 ps                       ;
; |ctrl_unit_rv32i|cu_adtype~0      ; |ctrl_unit_rv32i|cu_adtype~0      ; combout          ;        1.0   ; 913.94 ns          ; 0 ps                       ;
; |ctrl_unit_rv32i|cu_adtype~1      ; |ctrl_unit_rv32i|cu_adtype~1      ; combout          ;        3.0   ; 46.62 ns           ; 0 ps                       ;
; |ctrl_unit_rv32i|cu_adtype~2      ; |ctrl_unit_rv32i|cu_adtype~2      ; combout          ;        0.0   ; 0 ps               ; 0 ps                       ;
; |ctrl_unit_rv32i|Selector3~0      ; |ctrl_unit_rv32i|Selector3~0      ; combout          ;        0.0   ; 0 ps               ; 0 ps                       ;
; |ctrl_unit_rv32i|Selector2~0      ; |ctrl_unit_rv32i|Selector2~0      ; combout          ;        2.0   ; 19.11 ns           ; 0 ps                       ;
; |ctrl_unit_rv32i|Selector5~0      ; |ctrl_unit_rv32i|Selector5~0      ; combout          ;        2.0   ; 895 ps             ; 0 ps                       ;
; |ctrl_unit_rv32i|Selector4~0      ; |ctrl_unit_rv32i|Selector4~0      ; combout          ;        0.0   ; 0 ps               ; 0 ps                       ;
; |ctrl_unit_rv32i|Selector6~0      ; |ctrl_unit_rv32i|Selector6~0      ; combout          ;        0.0   ; 0 ps               ; 0 ps                       ;
; |ctrl_unit_rv32i|cu_rdtype~0      ; |ctrl_unit_rv32i|cu_rdtype~0      ; combout          ;       18.0   ; 139.51 ns          ; 0 ps                       ;
; |ctrl_unit_rv32i|cu_rdtype~1      ; |ctrl_unit_rv32i|cu_rdtype~1      ; combout          ;        4.0   ; 19.49 ns           ; 0 ps                       ;
; |ctrl_unit_rv32i|WideOr8~0        ; |ctrl_unit_rv32i|WideOr8~0        ; combout          ;       19.0   ; 205.76 ns          ; 0 ps                       ;
; |ctrl_unit_rv32i|WideOr8~1        ; |ctrl_unit_rv32i|WideOr8~1        ; combout          ;        5.0   ; 66.02 ns           ; 0 ps                       ;
; |ctrl_unit_rv32i|WideOr9~0        ; |ctrl_unit_rv32i|WideOr9~0        ; combout          ;        6.0   ; 60.0 ns            ; 0 ps                       ;
; |ctrl_unit_rv32i|WideOr9~1        ; |ctrl_unit_rv32i|WideOr9~1        ; combout          ;        7.0   ; 85.14 ns           ; 0 ps                       ;
; |ctrl_unit_rv32i|WideOr11~1       ; |ctrl_unit_rv32i|WideOr11~1       ; combout          ;        4.0   ; 20.0 ns            ; 0 ps                       ;
; |ctrl_unit_rv32i|cu_loadtype~1    ; |ctrl_unit_rv32i|cu_loadtype~1    ; combout          ;        0.0   ; 0 ps               ; 0 ps                       ;
; |ctrl_unit_rv32i|cu_loadtype~2    ; |ctrl_unit_rv32i|cu_loadtype~2    ; combout          ;        0.0   ; 993.71 ns          ; 0 ps                       ;
; |ctrl_unit_rv32i|cu_loadtype~3    ; |ctrl_unit_rv32i|cu_loadtype~3    ; combout          ;        0.0   ; 0 ps               ; 0 ps                       ;
; |ctrl_unit_rv32i|Decoder2~2       ; |ctrl_unit_rv32i|Decoder2~2       ; combout          ;        0.0   ; 0 ps               ; 0 ps                       ;
; |ctrl_unit_rv32i|cu_storetype~0   ; |ctrl_unit_rv32i|cu_storetype~0   ; combout          ;        0.0   ; 0 ps               ; 0 ps                       ;
; |ctrl_unit_rv32i|cu_storetype~1   ; |ctrl_unit_rv32i|cu_storetype~1   ; combout          ;        0.0   ; 0 ps               ; 0 ps                       ;
; |ctrl_unit_rv32i|WideOr10~0       ; |ctrl_unit_rv32i|WideOr10~0       ; combout          ;       19.0   ; 203.35 ns          ; 0 ps                       ;
; |ctrl_unit_rv32i|WideOr10~1       ; |ctrl_unit_rv32i|WideOr10~1       ; combout          ;        3.0   ; 45.27 ns           ; 0 ps                       ;
; |ctrl_unit_rv32i|Decoder2~3       ; |ctrl_unit_rv32i|Decoder2~3       ; combout          ;       19.0   ; 254.0 ns           ; 0 ps                       ;
; |ctrl_unit_rv32i|cu_branchtype~0  ; |ctrl_unit_rv32i|cu_branchtype~0  ; combout          ;        0.0   ; 0 ps               ; 0 ps                       ;
; |ctrl_unit_rv32i|cu_branchtype~1  ; |ctrl_unit_rv32i|cu_branchtype~1  ; combout          ;        0.0   ; 0 ps               ; 0 ps                       ;
; |ctrl_unit_rv32i|cu_branchtype~2  ; |ctrl_unit_rv32i|cu_branchtype~2  ; combout          ;        2.0   ; 89 ps              ; 0 ps                       ;
; |ctrl_unit_rv32i|cu_ALU1src       ; |ctrl_unit_rv32i|cu_ALU1src       ; padio            ;        1.0   ; 29.28 ns           ; 0 ps                       ;
; |ctrl_unit_rv32i|cu_ALU2src       ; |ctrl_unit_rv32i|cu_ALU2src       ; padio            ;        7.0   ; 89.86 ns           ; 0 ps                       ;
; |ctrl_unit_rv32i|cu_immtype[0]    ; |ctrl_unit_rv32i|cu_immtype[0]    ; padio            ;        2.0   ; 20.14 ns           ; 0 ps                       ;
; |ctrl_unit_rv32i|cu_immtype[1]    ; |ctrl_unit_rv32i|cu_immtype[1]    ; padio            ;        2.0   ; 19.96 ns           ; 0 ps                       ;
; |ctrl_unit_rv32i|cu_immtype[2]    ; |ctrl_unit_rv32i|cu_immtype[2]    ; padio            ;        3.0   ; 29.08 ns           ; 0 ps                       ;
; |ctrl_unit_rv32i|cu_ALUtype[0]    ; |ctrl_unit_rv32i|cu_ALUtype[0]    ; padio            ;        2.0   ; 19.72 ns           ; 0 ps                       ;
; |ctrl_unit_rv32i|cu_ALUtype[1]    ; |ctrl_unit_rv32i|cu_ALUtype[1]    ; padio            ;        2.0   ; 895 ps             ; 0 ps                       ;
; |ctrl_unit_rv32i|cu_adtype        ; |ctrl_unit_rv32i|cu_adtype        ; padio            ;        0.0   ; 0 ps               ; 0 ps                       ;
; |ctrl_unit_rv32i|cu_gatype[0]     ; |ctrl_unit_rv32i|cu_gatype[0]     ; padio            ;        0.0   ; 0 ps               ; 0 ps                       ;
; |ctrl_unit_rv32i|cu_gatype[1]     ; |ctrl_unit_rv32i|cu_gatype[1]     ; padio            ;        2.0   ; 19.11 ns           ; 0 ps                       ;
; |ctrl_unit_rv32i|cu_shiftype[0]   ; |ctrl_unit_rv32i|cu_shiftype[0]   ; padio            ;        2.0   ; 895 ps             ; 0 ps                       ;
; |ctrl_unit_rv32i|cu_shiftype[1]   ; |ctrl_unit_rv32i|cu_shiftype[1]   ; padio            ;        0.0   ; 0 ps               ; 0 ps                       ;
; |ctrl_unit_rv32i|cu_sltype        ; |ctrl_unit_rv32i|cu_sltype        ; padio            ;        0.0   ; 0 ps               ; 0 ps                       ;
; |ctrl_unit_rv32i|cu_rdtype[0]     ; |ctrl_unit_rv32i|cu_rdtype[0]     ; padio            ;        2.0   ; 19.36 ns           ; 0 ps                       ;
; |ctrl_unit_rv32i|cu_rdtype[1]     ; |ctrl_unit_rv32i|cu_rdtype[1]     ; padio            ;        5.0   ; 69.44 ns           ; 0 ps                       ;
; |ctrl_unit_rv32i|cu_rdwrite       ; |ctrl_unit_rv32i|cu_rdwrite       ; padio            ;        7.0   ; 88.61 ns           ; 0 ps                       ;
; |ctrl_unit_rv32i|cu_loadtype[0]   ; |ctrl_unit_rv32i|cu_loadtype[0]   ; padio            ;        0.0   ; 0 ps               ; 0 ps                       ;
; |ctrl_unit_rv32i|cu_loadtype[1]   ; |ctrl_unit_rv32i|cu_loadtype[1]   ; padio            ;        0.0   ; 990.3 ns           ; 0 ps                       ;
; |ctrl_unit_rv32i|cu_loadtype[2]   ; |ctrl_unit_rv32i|cu_loadtype[2]   ; padio            ;        0.0   ; 0 ps               ; 0 ps                       ;
; |ctrl_unit_rv32i|cu_store         ; |ctrl_unit_rv32i|cu_store         ; padio            ;        0.0   ; 0 ps               ; 0 ps                       ;
; |ctrl_unit_rv32i|cu_storetype[0]  ; |ctrl_unit_rv32i|cu_storetype[0]  ; padio            ;        0.0   ; 0 ps               ; 0 ps                       ;
; |ctrl_unit_rv32i|cu_storetype[1]  ; |ctrl_unit_rv32i|cu_storetype[1]  ; padio            ;        0.0   ; 0 ps               ; 0 ps                       ;
; |ctrl_unit_rv32i|cu_branch        ; |ctrl_unit_rv32i|cu_branch        ; padio            ;        3.0   ; 49.14 ns           ; 0 ps                       ;
; |ctrl_unit_rv32i|cu_branchtype[0] ; |ctrl_unit_rv32i|cu_branchtype[0] ; padio            ;        0.0   ; 0 ps               ; 0 ps                       ;
; |ctrl_unit_rv32i|cu_branchtype[1] ; |ctrl_unit_rv32i|cu_branchtype[1] ; padio            ;        0.0   ; 0 ps               ; 0 ps                       ;
; |ctrl_unit_rv32i|cu_branchtype[2] ; |ctrl_unit_rv32i|cu_branchtype[2] ; padio            ;        0.0   ; 0 ps               ; 0 ps                       ;
; |ctrl_unit_rv32i|cu_PCtype        ; |ctrl_unit_rv32i|cu_PCtype        ; padio            ;        3.0   ; 49.25 ns           ; 0 ps                       ;
; |ctrl_unit_rv32i|opcode[2]        ; |ctrl_unit_rv32i|opcode[2]        ; input_pad_output ;       37.0   ; 500.0 ns           ; 0 ps                       ;
; |ctrl_unit_rv32i|opcode[3]        ; |ctrl_unit_rv32i|opcode[3]        ; input_pad_output ;       19.0   ; 500.0 ns           ; 0 ps                       ;
; |ctrl_unit_rv32i|opcode[6]        ; |ctrl_unit_rv32i|opcode[6]        ; input_pad_output ;        3.0   ; 560.0 ns           ; 0 ps                       ;
; |ctrl_unit_rv32i|opcode[4]        ; |ctrl_unit_rv32i|opcode[4]        ; input_pad_output ;       10.0   ; 540.0 ns           ; 0 ps                       ;
; |ctrl_unit_rv32i|opcode[5]        ; |ctrl_unit_rv32i|opcode[5]        ; input_pad_output ;        5.0   ; 540.0 ns           ; 0 ps                       ;
; |ctrl_unit_rv32i|opcode[0]        ; |ctrl_unit_rv32i|opcode[0]        ; input_pad_output ;       49.0   ; 500.0 ns           ; 0 ps                       ;
; |ctrl_unit_rv32i|opcode[1]        ; |ctrl_unit_rv32i|opcode[1]        ; input_pad_output ;       24.0   ; 520.0 ns           ; 0 ps                       ;
; |ctrl_unit_rv32i|funct3[1]        ; |ctrl_unit_rv32i|funct3[1]        ; input_pad_output ;       24.0   ; 480.0 ns           ; 0 ps                       ;
; |ctrl_unit_rv32i|funct3[0]        ; |ctrl_unit_rv32i|funct3[0]        ; input_pad_output ;       49.0   ; 500.0 ns           ; 0 ps                       ;
; |ctrl_unit_rv32i|funct3[2]        ; |ctrl_unit_rv32i|funct3[2]        ; input_pad_output ;       12.0   ; 480.0 ns           ; 0 ps                       ;
; |ctrl_unit_rv32i|funct7[6]        ; |ctrl_unit_rv32i|funct7[6]        ; input_pad_output ;        0.0   ; 0 ps               ; 0 ps                       ;
; |ctrl_unit_rv32i|funct7[4]        ; |ctrl_unit_rv32i|funct7[4]        ; input_pad_output ;        1.0   ; 80.0 ns            ; 0 ps                       ;
; |ctrl_unit_rv32i|funct7[3]        ; |ctrl_unit_rv32i|funct7[3]        ; input_pad_output ;        0.0   ; 0 ps               ; 0 ps                       ;
; |ctrl_unit_rv32i|funct7[2]        ; |ctrl_unit_rv32i|funct7[2]        ; input_pad_output ;        0.0   ; 0 ps               ; 0 ps                       ;
; |ctrl_unit_rv32i|funct7[0]        ; |ctrl_unit_rv32i|funct7[0]        ; input_pad_output ;        1.0   ; 80.0 ns            ; 0 ps                       ;
; |ctrl_unit_rv32i|funct7[1]        ; |ctrl_unit_rv32i|funct7[1]        ; input_pad_output ;        1.0   ; 80.0 ns            ; 0 ps                       ;
; |ctrl_unit_rv32i|funct7[5]        ; |ctrl_unit_rv32i|funct7[5]        ; input_pad_output ;        1.0   ; 80.0 ns            ; 0 ps                       ;
+-----------------------------------+-----------------------------------+------------------+--------------+--------------------+----------------------------+


+--------------------------------------------------------------------+
; Coverage Summary                                                   ;
+-----------------------------------------------------+--------------+
; Type                                                ; Value        ;
+-----------------------------------------------------+--------------+
; Total coverage as a percentage                      ;      58.82 % ;
; Total nodes checked                                 ; 85           ;
; Total output ports checked                          ; 85           ;
; Total output ports with complete 1/0-value coverage ; 50           ;
; Total output ports with no 1/0-value coverage       ; 28           ;
; Total output ports with no 1-value coverage         ; 34           ;
; Total output ports with no 0-value coverage         ; 29           ;
+-----------------------------------------------------+--------------+


The following table displays output ports that toggle between 1 and 0 during simulation.
+-----------------------------------------------------------------------------------------+
; Complete 1/0-Value Coverage                                                             ;
+----------------------------------+-----------------------------------+------------------+
; Node Name                        ; Output Port Name                  ; Output Port Type ;
+----------------------------------+-----------------------------------+------------------+
; |ctrl_unit_rv32i|WideOr4~0       ; |ctrl_unit_rv32i|WideOr4~0        ; combout          ;
; |ctrl_unit_rv32i|WideOr5~0       ; |ctrl_unit_rv32i|WideOr5~0        ; combout          ;
; |ctrl_unit_rv32i|WideOr5~1       ; |ctrl_unit_rv32i|WideOr5~1        ; combout          ;
; |ctrl_unit_rv32i|WideOr7~0       ; |ctrl_unit_rv32i|WideOr7~0        ; combout          ;
; |ctrl_unit_rv32i|WideOr7~1       ; |ctrl_unit_rv32i|WideOr7~1        ; combout          ;
; |ctrl_unit_rv32i|WideOr6~0       ; |ctrl_unit_rv32i|WideOr6~0        ; combout          ;
; |ctrl_unit_rv32i|WideOr6~1       ; |ctrl_unit_rv32i|WideOr6~1        ; combout          ;
; |ctrl_unit_rv32i|Decoder2~0      ; |ctrl_unit_rv32i|Decoder2~0       ; combout          ;
; |ctrl_unit_rv32i|Decoder2~1      ; |ctrl_unit_rv32i|Decoder2~1       ; combout          ;
; |ctrl_unit_rv32i|cu_loadtype~0   ; |ctrl_unit_rv32i|cu_loadtype~0    ; combout          ;
; |ctrl_unit_rv32i|WideOr11~0      ; |ctrl_unit_rv32i|WideOr11~0       ; combout          ;
; |ctrl_unit_rv32i|Selector1~0     ; |ctrl_unit_rv32i|Selector1~0      ; combout          ;
; |ctrl_unit_rv32i|Selector0~0     ; |ctrl_unit_rv32i|Selector0~0      ; combout          ;
; |ctrl_unit_rv32i|cu_adtype~1     ; |ctrl_unit_rv32i|cu_adtype~1      ; combout          ;
; |ctrl_unit_rv32i|Selector2~0     ; |ctrl_unit_rv32i|Selector2~0      ; combout          ;
; |ctrl_unit_rv32i|Selector5~0     ; |ctrl_unit_rv32i|Selector5~0      ; combout          ;
; |ctrl_unit_rv32i|cu_rdtype~0     ; |ctrl_unit_rv32i|cu_rdtype~0      ; combout          ;
; |ctrl_unit_rv32i|cu_rdtype~1     ; |ctrl_unit_rv32i|cu_rdtype~1      ; combout          ;
; |ctrl_unit_rv32i|WideOr8~0       ; |ctrl_unit_rv32i|WideOr8~0        ; combout          ;
; |ctrl_unit_rv32i|WideOr8~1       ; |ctrl_unit_rv32i|WideOr8~1        ; combout          ;
; |ctrl_unit_rv32i|WideOr9~0       ; |ctrl_unit_rv32i|WideOr9~0        ; combout          ;
; |ctrl_unit_rv32i|WideOr9~1       ; |ctrl_unit_rv32i|WideOr9~1        ; combout          ;
; |ctrl_unit_rv32i|WideOr11~1      ; |ctrl_unit_rv32i|WideOr11~1       ; combout          ;
; |ctrl_unit_rv32i|WideOr10~0      ; |ctrl_unit_rv32i|WideOr10~0       ; combout          ;
; |ctrl_unit_rv32i|WideOr10~1      ; |ctrl_unit_rv32i|WideOr10~1       ; combout          ;
; |ctrl_unit_rv32i|Decoder2~3      ; |ctrl_unit_rv32i|Decoder2~3       ; combout          ;
; |ctrl_unit_rv32i|cu_branchtype~2 ; |ctrl_unit_rv32i|cu_branchtype~2  ; combout          ;
; |ctrl_unit_rv32i|cu_ALU2src      ; |ctrl_unit_rv32i|cu_ALU2src       ; padio            ;
; |ctrl_unit_rv32i|cu_immtype[0]   ; |ctrl_unit_rv32i|cu_immtype[0]    ; padio            ;
; |ctrl_unit_rv32i|cu_immtype[1]   ; |ctrl_unit_rv32i|cu_immtype[1]    ; padio            ;
; |ctrl_unit_rv32i|cu_immtype[2]   ; |ctrl_unit_rv32i|cu_immtype[2]    ; padio            ;
; |ctrl_unit_rv32i|cu_ALUtype[0]   ; |ctrl_unit_rv32i|cu_ALUtype[0]    ; padio            ;
; |ctrl_unit_rv32i|cu_ALUtype[1]   ; |ctrl_unit_rv32i|cu_ALUtype[1]    ; padio            ;
; |ctrl_unit_rv32i|cu_gatype[1]    ; |ctrl_unit_rv32i|cu_gatype[1]     ; padio            ;
; |ctrl_unit_rv32i|cu_shiftype[0]  ; |ctrl_unit_rv32i|cu_shiftype[0]   ; padio            ;
; |ctrl_unit_rv32i|cu_rdtype[0]    ; |ctrl_unit_rv32i|cu_rdtype[0]     ; padio            ;
; |ctrl_unit_rv32i|cu_rdtype[1]    ; |ctrl_unit_rv32i|cu_rdtype[1]     ; padio            ;
; |ctrl_unit_rv32i|cu_rdwrite      ; |ctrl_unit_rv32i|cu_rdwrite       ; padio            ;
; |ctrl_unit_rv32i|cu_branch       ; |ctrl_unit_rv32i|cu_branch        ; padio            ;
; |ctrl_unit_rv32i|cu_PCtype       ; |ctrl_unit_rv32i|cu_PCtype        ; padio            ;
; |ctrl_unit_rv32i|opcode[2]       ; |ctrl_unit_rv32i|opcode[2]~corein ; combout          ;
; |ctrl_unit_rv32i|opcode[3]       ; |ctrl_unit_rv32i|opcode[3]~corein ; combout          ;
; |ctrl_unit_rv32i|opcode[6]       ; |ctrl_unit_rv32i|opcode[6]~corein ; combout          ;
; |ctrl_unit_rv32i|opcode[4]       ; |ctrl_unit_rv32i|opcode[4]~corein ; combout          ;
; |ctrl_unit_rv32i|opcode[5]       ; |ctrl_unit_rv32i|opcode[5]~corein ; combout          ;
; |ctrl_unit_rv32i|opcode[0]       ; |ctrl_unit_rv32i|opcode[0]~corein ; combout          ;
; |ctrl_unit_rv32i|opcode[1]       ; |ctrl_unit_rv32i|opcode[1]~corein ; combout          ;
; |ctrl_unit_rv32i|funct3[1]       ; |ctrl_unit_rv32i|funct3[1]~corein ; combout          ;
; |ctrl_unit_rv32i|funct3[0]       ; |ctrl_unit_rv32i|funct3[0]~corein ; combout          ;
; |ctrl_unit_rv32i|funct3[2]       ; |ctrl_unit_rv32i|funct3[2]~corein ; combout          ;
+----------------------------------+-----------------------------------+------------------+


The following table displays output ports that do not toggle to 1 during simulation.
+------------------------------------------------------------------------------------------+
; Missing 1-Value Coverage                                                                 ;
+-----------------------------------+-----------------------------------+------------------+
; Node Name                         ; Output Port Name                  ; Output Port Type ;
+-----------------------------------+-----------------------------------+------------------+
; |ctrl_unit_rv32i|WideOr4~1        ; |ctrl_unit_rv32i|WideOr4~1        ; combout          ;
; |ctrl_unit_rv32i|cu_adtype~2      ; |ctrl_unit_rv32i|cu_adtype~2      ; combout          ;
; |ctrl_unit_rv32i|Selector3~0      ; |ctrl_unit_rv32i|Selector3~0      ; combout          ;
; |ctrl_unit_rv32i|Selector4~0      ; |ctrl_unit_rv32i|Selector4~0      ; combout          ;
; |ctrl_unit_rv32i|Selector6~0      ; |ctrl_unit_rv32i|Selector6~0      ; combout          ;
; |ctrl_unit_rv32i|cu_loadtype~1    ; |ctrl_unit_rv32i|cu_loadtype~1    ; combout          ;
; |ctrl_unit_rv32i|cu_loadtype~2    ; |ctrl_unit_rv32i|cu_loadtype~2    ; combout          ;
; |ctrl_unit_rv32i|cu_loadtype~3    ; |ctrl_unit_rv32i|cu_loadtype~3    ; combout          ;
; |ctrl_unit_rv32i|Decoder2~2       ; |ctrl_unit_rv32i|Decoder2~2       ; combout          ;
; |ctrl_unit_rv32i|cu_storetype~0   ; |ctrl_unit_rv32i|cu_storetype~0   ; combout          ;
; |ctrl_unit_rv32i|cu_storetype~1   ; |ctrl_unit_rv32i|cu_storetype~1   ; combout          ;
; |ctrl_unit_rv32i|cu_branchtype~0  ; |ctrl_unit_rv32i|cu_branchtype~0  ; combout          ;
; |ctrl_unit_rv32i|cu_branchtype~1  ; |ctrl_unit_rv32i|cu_branchtype~1  ; combout          ;
; |ctrl_unit_rv32i|cu_ALU1src       ; |ctrl_unit_rv32i|cu_ALU1src       ; padio            ;
; |ctrl_unit_rv32i|cu_adtype        ; |ctrl_unit_rv32i|cu_adtype        ; padio            ;
; |ctrl_unit_rv32i|cu_gatype[0]     ; |ctrl_unit_rv32i|cu_gatype[0]     ; padio            ;
; |ctrl_unit_rv32i|cu_shiftype[1]   ; |ctrl_unit_rv32i|cu_shiftype[1]   ; padio            ;
; |ctrl_unit_rv32i|cu_sltype        ; |ctrl_unit_rv32i|cu_sltype        ; padio            ;
; |ctrl_unit_rv32i|cu_loadtype[0]   ; |ctrl_unit_rv32i|cu_loadtype[0]   ; padio            ;
; |ctrl_unit_rv32i|cu_loadtype[1]   ; |ctrl_unit_rv32i|cu_loadtype[1]   ; padio            ;
; |ctrl_unit_rv32i|cu_loadtype[2]   ; |ctrl_unit_rv32i|cu_loadtype[2]   ; padio            ;
; |ctrl_unit_rv32i|cu_store         ; |ctrl_unit_rv32i|cu_store         ; padio            ;
; |ctrl_unit_rv32i|cu_storetype[0]  ; |ctrl_unit_rv32i|cu_storetype[0]  ; padio            ;
; |ctrl_unit_rv32i|cu_storetype[1]  ; |ctrl_unit_rv32i|cu_storetype[1]  ; padio            ;
; |ctrl_unit_rv32i|cu_branchtype[0] ; |ctrl_unit_rv32i|cu_branchtype[0] ; padio            ;
; |ctrl_unit_rv32i|cu_branchtype[1] ; |ctrl_unit_rv32i|cu_branchtype[1] ; padio            ;
; |ctrl_unit_rv32i|cu_branchtype[2] ; |ctrl_unit_rv32i|cu_branchtype[2] ; padio            ;
; |ctrl_unit_rv32i|funct7[6]        ; |ctrl_unit_rv32i|funct7[6]~corein ; combout          ;
; |ctrl_unit_rv32i|funct7[4]        ; |ctrl_unit_rv32i|funct7[4]~corein ; combout          ;
; |ctrl_unit_rv32i|funct7[3]        ; |ctrl_unit_rv32i|funct7[3]~corein ; combout          ;
; |ctrl_unit_rv32i|funct7[2]        ; |ctrl_unit_rv32i|funct7[2]~corein ; combout          ;
; |ctrl_unit_rv32i|funct7[0]        ; |ctrl_unit_rv32i|funct7[0]~corein ; combout          ;
; |ctrl_unit_rv32i|funct7[1]        ; |ctrl_unit_rv32i|funct7[1]~corein ; combout          ;
; |ctrl_unit_rv32i|funct7[5]        ; |ctrl_unit_rv32i|funct7[5]~corein ; combout          ;
+-----------------------------------+-----------------------------------+------------------+


The following table displays output ports that do not toggle to 0 during simulation.
+------------------------------------------------------------------------------------------+
; Missing 0-Value Coverage                                                                 ;
+-----------------------------------+-----------------------------------+------------------+
; Node Name                         ; Output Port Name                  ; Output Port Type ;
+-----------------------------------+-----------------------------------+------------------+
; |ctrl_unit_rv32i|cu_adtype~0      ; |ctrl_unit_rv32i|cu_adtype~0      ; combout          ;
; |ctrl_unit_rv32i|cu_adtype~2      ; |ctrl_unit_rv32i|cu_adtype~2      ; combout          ;
; |ctrl_unit_rv32i|Selector3~0      ; |ctrl_unit_rv32i|Selector3~0      ; combout          ;
; |ctrl_unit_rv32i|Selector4~0      ; |ctrl_unit_rv32i|Selector4~0      ; combout          ;
; |ctrl_unit_rv32i|Selector6~0      ; |ctrl_unit_rv32i|Selector6~0      ; combout          ;
; |ctrl_unit_rv32i|cu_loadtype~1    ; |ctrl_unit_rv32i|cu_loadtype~1    ; combout          ;
; |ctrl_unit_rv32i|cu_loadtype~2    ; |ctrl_unit_rv32i|cu_loadtype~2    ; combout          ;
; |ctrl_unit_rv32i|cu_loadtype~3    ; |ctrl_unit_rv32i|cu_loadtype~3    ; combout          ;
; |ctrl_unit_rv32i|Decoder2~2       ; |ctrl_unit_rv32i|Decoder2~2       ; combout          ;
; |ctrl_unit_rv32i|cu_storetype~0   ; |ctrl_unit_rv32i|cu_storetype~0   ; combout          ;
; |ctrl_unit_rv32i|cu_storetype~1   ; |ctrl_unit_rv32i|cu_storetype~1   ; combout          ;
; |ctrl_unit_rv32i|cu_branchtype~0  ; |ctrl_unit_rv32i|cu_branchtype~0  ; combout          ;
; |ctrl_unit_rv32i|cu_branchtype~1  ; |ctrl_unit_rv32i|cu_branchtype~1  ; combout          ;
; |ctrl_unit_rv32i|cu_adtype        ; |ctrl_unit_rv32i|cu_adtype        ; padio            ;
; |ctrl_unit_rv32i|cu_gatype[0]     ; |ctrl_unit_rv32i|cu_gatype[0]     ; padio            ;
; |ctrl_unit_rv32i|cu_shiftype[1]   ; |ctrl_unit_rv32i|cu_shiftype[1]   ; padio            ;
; |ctrl_unit_rv32i|cu_sltype        ; |ctrl_unit_rv32i|cu_sltype        ; padio            ;
; |ctrl_unit_rv32i|cu_loadtype[0]   ; |ctrl_unit_rv32i|cu_loadtype[0]   ; padio            ;
; |ctrl_unit_rv32i|cu_loadtype[1]   ; |ctrl_unit_rv32i|cu_loadtype[1]   ; padio            ;
; |ctrl_unit_rv32i|cu_loadtype[2]   ; |ctrl_unit_rv32i|cu_loadtype[2]   ; padio            ;
; |ctrl_unit_rv32i|cu_store         ; |ctrl_unit_rv32i|cu_store         ; padio            ;
; |ctrl_unit_rv32i|cu_storetype[0]  ; |ctrl_unit_rv32i|cu_storetype[0]  ; padio            ;
; |ctrl_unit_rv32i|cu_storetype[1]  ; |ctrl_unit_rv32i|cu_storetype[1]  ; padio            ;
; |ctrl_unit_rv32i|cu_branchtype[0] ; |ctrl_unit_rv32i|cu_branchtype[0] ; padio            ;
; |ctrl_unit_rv32i|cu_branchtype[1] ; |ctrl_unit_rv32i|cu_branchtype[1] ; padio            ;
; |ctrl_unit_rv32i|cu_branchtype[2] ; |ctrl_unit_rv32i|cu_branchtype[2] ; padio            ;
; |ctrl_unit_rv32i|funct7[6]        ; |ctrl_unit_rv32i|funct7[6]~corein ; combout          ;
; |ctrl_unit_rv32i|funct7[3]        ; |ctrl_unit_rv32i|funct7[3]~corein ; combout          ;
; |ctrl_unit_rv32i|funct7[2]        ; |ctrl_unit_rv32i|funct7[2]~corein ; combout          ;
+-----------------------------------+-----------------------------------+------------------+


+---------------------+
; Simulator INI Usage ;
+--------+------------+
; Option ; Usage      ;
+--------+------------+


+--------------------+
; Simulator Messages ;
+--------------------+
Info: *******************************************************************
Info: Running Quartus II Simulator
    Info: Version 9.1 Build 350 03/24/2010 Service Pack 2 SJ Web Edition
    Info: Processing started: Wed Nov 19 13:26:00 2025
Info: Command: quartus_sim --read_settings_files=on --write_settings_files=off ctrl_unit_rv32i -c ctrl_unit_rv32i
Info: Using vector source file "D:/ARSIKOM/EL3011_2_20251119_13223048/1_lab/Tugas 1/ctrl_unit_rv32i.vwf"
Info: Overwriting simulation input file with simulation results
    Info: A backup of ctrl_unit_rv32i.vwf called ctrl_unit_rv32i.sim_ori.vwf has been created in the db folder
Warning: Cannot find channels in vector source file for the following output ports - channels are required for VCD file generation for PowerPlay Power Analyzer
    Warning: Output port: "|ctrl_unit_rv32i|WideOr4~0"
    Warning: Output port: "|ctrl_unit_rv32i|WideOr4~1"
    Warning: Output port: "|ctrl_unit_rv32i|WideOr5~0"
    Warning: Output port: "|ctrl_unit_rv32i|WideOr5~1"
    Warning: Output port: "|ctrl_unit_rv32i|WideOr7~0"
    Warning: Output port: "|ctrl_unit_rv32i|WideOr7~1"
    Warning: Output port: "|ctrl_unit_rv32i|WideOr6~0"
    Warning: Output port: "|ctrl_unit_rv32i|WideOr6~1"
    Warning: Output port: "|ctrl_unit_rv32i|Decoder2~0"
    Warning: Output port: "|ctrl_unit_rv32i|Decoder2~1"
    Warning: Output port: "|ctrl_unit_rv32i|cu_loadtype~0"
    Warning: Output port: "|ctrl_unit_rv32i|WideOr11~0"
    Warning: Output port: "|ctrl_unit_rv32i|Selector1~0"
    Warning: Output port: "|ctrl_unit_rv32i|Selector0~0"
    Warning: Output port: "|ctrl_unit_rv32i|cu_adtype~0"
    Warning: Output port: "|ctrl_unit_rv32i|cu_adtype~1"
    Warning: Output port: "|ctrl_unit_rv32i|cu_adtype~2"
    Warning: Output port: "|ctrl_unit_rv32i|Selector3~0"
    Warning: Output port: "|ctrl_unit_rv32i|Selector2~0"
    Warning: Output port: "|ctrl_unit_rv32i|Selector5~0"
    Warning: Output port: "|ctrl_unit_rv32i|Selector4~0"
    Warning: Output port: "|ctrl_unit_rv32i|Selector6~0"
    Warning: Output port: "|ctrl_unit_rv32i|cu_rdtype~0"
    Warning: Output port: "|ctrl_unit_rv32i|cu_rdtype~1"
    Warning: Output port: "|ctrl_unit_rv32i|WideOr8~0"
    Warning: Output port: "|ctrl_unit_rv32i|WideOr8~1"
    Warning: Output port: "|ctrl_unit_rv32i|WideOr9~0"
    Warning: Output port: "|ctrl_unit_rv32i|WideOr9~1"
    Warning: Output port: "|ctrl_unit_rv32i|WideOr11~1"
    Warning: Output port: "|ctrl_unit_rv32i|cu_loadtype~1"
    Warning: Output port: "|ctrl_unit_rv32i|cu_loadtype~2"
    Warning: Output port: "|ctrl_unit_rv32i|cu_loadtype~3"
    Warning: Output port: "|ctrl_unit_rv32i|Decoder2~2"
    Warning: Output port: "|ctrl_unit_rv32i|cu_storetype~0"
    Warning: Output port: "|ctrl_unit_rv32i|cu_storetype~1"
    Warning: Output port: "|ctrl_unit_rv32i|WideOr10~0"
    Warning: Output port: "|ctrl_unit_rv32i|WideOr10~1"
    Warning: Output port: "|ctrl_unit_rv32i|Decoder2~3"
    Warning: Output port: "|ctrl_unit_rv32i|cu_branchtype~0"
    Warning: Output port: "|ctrl_unit_rv32i|cu_branchtype~1"
    Warning: Output port: "|ctrl_unit_rv32i|cu_branchtype~2"
Info: Option to preserve fewer signal transitions to reduce memory requirements is enabled
    Info: Simulation has been partitioned into sub-simulations according to the maximum transition count determined by the engine. Transitions from memory will be flushed out to disk at the end of each sub-simulation to reduce memory requirements.
Info: Simulation partitioned into 1 sub-simulations
Info: Created Signal Activity File D:/ARSIKOM/EL3011_2_20251119_13223048/1_lab/Tugas 1/ctrl_unit_rv32i.saf
Info: Simulation coverage is      58.82 %
Info: Number of transitions in simulation is 564
Info: Vector file ctrl_unit_rv32i.vwf is saved in VWF text format. You can compress it into CVWF format in order to reduce file size. For more details please refer to the Quartus II Help.
Info: Created VCD File D:/ARSIKOM/EL3011_2_20251119_13223048/1_lab/Tugas 1/ctrl_unit_rv32i.vcd
Info: Quartus II Simulator was successful. 0 errors, 42 warnings
    Info: Peak virtual memory: 162 megabytes
    Info: Processing ended: Wed Nov 19 13:26:00 2025
    Info: Elapsed time: 00:00:00
    Info: Total CPU time (on all processors): 00:00:01


