Info: Start Nativelink Simulation process

========= EDA Simulation Settings =====================

Sim Mode              :  Gate
Family                :  stratixii
Quartus root          :  c:/altera/91sp2/quartus/bin/
Quartus sim root      :  c:/altera/91sp2/quartus/eda/sim_lib
Simulation Tool       :  modelsim-altera
Simulation Language   :  verilog
Simulation Mode       :  GUI
Sim Output File       :  data_mem_rv32i.vo
Sim SDF file          :  data_mem_rv32i__verilog.sdo
Sim dir               :  simulation\modelsim

=======================================================

Info: Starting NativeLink simulation with ModelSim-Altera software
Sourced NativeLink script c:/altera/91sp2/quartus/common/tcl/internal/nativelink/modelsim.tcl
Probing transcript
ModelSim-Altera Info: # Reading C:/intelFPGA_pro/18.1/modelsim_ase/tcl/vsim/pref.tcl
ModelSim-Altera Info: # do data_mem_rv32i_run_msim_gate_verilog.do
ModelSim-Altera Info: # if {[file exists gate_work]} {
ModelSim-Altera Info: # 	vdel -lib gate_work -all
ModelSim-Altera Info: # }
ModelSim-Altera Info: # vlib gate_work
ModelSim-Altera Info: # vmap work gate_work
ModelSim-Altera Info: # Model Technology ModelSim - Intel FPGA Edition vmap 10.6d Lib Mapping Utility 2018.02 Feb 24 2018
ModelSim-Altera Info: # vmap work gate_work 
ModelSim-Altera Info: # Copying C:/intelFPGA_pro/18.1/modelsim_ase/win32aloem/../modelsim.ini to modelsim.ini
ModelSim-Altera Info: # Modifying modelsim.ini
ModelSim-Altera Info: # 
ModelSim-Altera Info: # vlog -vlog01compat -work work +incdir+. {data_mem_rv32i.vo}
ModelSim-Altera Info: # Model Technology ModelSim - Intel FPGA Edition vlog 10.6d Compiler 2018.02 Feb 24 2018
ModelSim-Altera Info: # Start time: 22:13:20 on Nov 04,2025
ModelSim-Altera Info: # vlog -reportprogress 300 -vlog01compat -work work "+incdir+." data_mem_rv32i.vo 
ModelSim-Altera Info: # -- Compiling module data_mem_rv32i
ModelSim-Altera Info: # 
ModelSim-Altera Info: # Top level modules:
ModelSim-Altera Info: # 	data_mem_rv32i
ModelSim-Altera Info: # End time: 22:13:21 on Nov 04,2025, Elapsed time: 0:00:01
ModelSim-Altera Info: # Errors: 0, Warnings: 0
ModelSim-Altera Info: # 
ModelSim-Altera Info: vsim -gui -l msim_transcript work.data_mem_rv32i
ModelSim-Altera Info: # vsim -gui -l msim_transcript work.data_mem_rv32i 
ModelSim-Altera Info: # Start time: 22:14:49 on Nov 04,2025
ModelSim-Altera Info: # Loading work.data_mem_rv32i
ModelSim-Altera Error: # ** Error: (vsim-3033) data_mem_rv32i.vo(247): Instantiation of 'stratixii_io' failed. The design unit was not found.
ModelSim-Altera Info: #    Time: 0 ps  Iteration: 0  Instance: /data_mem_rv32i File: data_mem_rv32i.vo
ModelSim-Altera Info: #         Searched libraries:
ModelSim-Altera Info: #             D:/ARSIKOM/EL3011_1_20251105_13223048/Tugas3/simulation/modelsim/gate_work
ModelSim-Altera Error: # ** Error: (vsim-3033) data_mem_rv32i.vo(297): Instantiation of 'stratixii_io' failed. The design unit was not found.
ModelSim-Altera Info: #    Time: 0 ps  Iteration: 0  Instance: /data_mem_rv32i File: data_mem_rv32i.vo
ModelSim-Altera Info: #         Searched libraries:
ModelSim-Altera Info: #             D:/ARSIKOM/EL3011_1_20251105_13223048/Tugas3/simulation/modelsim/gate_work
ModelSim-Altera Error: # ** Error: (vsim-3033) data_mem_rv32i.vo(347): Instantiation of 'stratixii_io' failed. The design unit was not found.
ModelSim-Altera Info: #    Time: 0 ps  Iteration: 0  Instance: /data_mem_rv32i File: data_mem_rv32i.vo
ModelSim-Altera Info: #         Searched libraries:
ModelSim-Altera Info: #             D:/ARSIKOM/EL3011_1_20251105_13223048/Tugas3/simulation/modelsim/gate_work
ModelSim-Altera Error: # ** Error: (vsim-3033) data_mem_rv32i.vo(397): Instantiation of 'stratixii_clkctrl' failed. The design unit was not found.
ModelSim-Altera Info: #    Time: 0 ps  Iteration: 0  Instance: /data_mem_rv32i File: data_mem_rv32i.vo
ModelSim-Altera Info: #         Searched libraries:
ModelSim-Altera Info: #             D:/ARSIKOM/EL3011_1_20251105_13223048/Tugas3/simulation/modelsim/gate_work
ModelSim-Altera Error: # ** Error: (vsim-3033) data_mem_rv32i.vo(409): Instantiation of 'stratixii_io' failed. The design unit was not found.
ModelSim-Altera Info: #    Time: 0 ps  Iteration: 0  Instance: /data_mem_rv32i File: data_mem_rv32i.vo
ModelSim-Altera Info: #         Searched libraries:
ModelSim-Altera Info: #             D:/ARSIKOM/EL3011_1_20251105_13223048/Tugas3/simulation/modelsim/gate_work
ModelSim-Altera Error: # ** Error: (vsim-3033) data_mem_rv32i.vo(459): Instantiation of 'stratixii_io' failed. The design unit was not found.
ModelSim-Altera Info: #    Time: 0 ps  Iteration: 0  Instance: /data_mem_rv32i File: data_mem_rv32i.vo
ModelSim-Altera Info: #         Searched libraries:
ModelSim-Altera Info: #             D:/ARSIKOM/EL3011_1_20251105_13223048/Tugas3/simulation/modelsim/gate_work
ModelSim-Altera Error: # ** Error: (vsim-3033) data_mem_rv32i.vo(509): Instantiation of 'stratixii_io' failed. The design unit was not found.
ModelSim-Altera Info: #    Time: 0 ps  Iteration: 0  Instance: /data_mem_rv32i File: data_mem_rv32i.vo
ModelSim-Altera Info: #         Searched libraries:
ModelSim-Altera Info: #             D:/ARSIKOM/EL3011_1_20251105_13223048/Tugas3/simulation/modelsim/gate_work
ModelSim-Altera Error: # ** Error: (vsim-3033) data_mem_rv32i.vo(559): Instantiation of 'stratixii_io' failed. The design unit was not found.
ModelSim-Altera Info: #    Time: 0 ps  Iteration: 0  Instance: /data_mem_rv32i File: data_mem_rv32i.vo
ModelSim-Altera Info: #         Searched libraries:
ModelSim-Altera Info: #             D:/ARSIKOM/EL3011_1_20251105_13223048/Tugas3/simulation/modelsim/gate_work
ModelSim-Altera Error: # ** Error: (vsim-3033) data_mem_rv32i.vo(609): Instantiation of 'stratixii_lcell_comb' failed. The design unit was not found.
ModelSim-Altera Info: #    Time: 0 ps  Iteration: 0  Instance: /data_mem_rv32i File: data_mem_rv32i.vo
ModelSim-Altera Info: #         Searched libraries:
ModelSim-Altera Info: #             D:/ARSIKOM/EL3011_1_20251105_13223048/Tugas3/simulation/modelsim/gate_work
ModelSim-Altera Error: # ** Error: (vsim-3033) data_mem_rv32i.vo(634): Instantiation of 'stratixii_io' failed. The design unit was not found.
ModelSim-Altera Info: #    Time: 0 ps  Iteration: 0  Instance: /data_mem_rv32i File: data_mem_rv32i.vo
ModelSim-Altera Info: #         Searched libraries:
ModelSim-Altera Info: #             D:/ARSIKOM/EL3011_1_20251105_13223048/Tugas3/simulation/modelsim/gate_work
ModelSim-Altera Error: # ** Error: (vsim-3033) data_mem_rv32i.vo(684): Instantiation of 'stratixii_io' failed. The design unit was not found.
ModelSim-Altera Info: #    Time: 0 ps  Iteration: 0  Instance: /data_mem_rv32i File: data_mem_rv32i.vo
ModelSim-Altera Info: #         Searched libraries:
ModelSim-Altera Info: #             D:/ARSIKOM/EL3011_1_20251105_13223048/Tugas3/simulation/modelsim/gate_work
ModelSim-Altera Error: # ** Error: (vsim-3033) data_mem_rv32i.vo(734): Instantiation of 'stratixii_io' failed. The design unit was not found.
ModelSim-Altera Info: #    Time: 0 ps  Iteration: 0  Instance: /data_mem_rv32i File: data_mem_rv32i.vo
ModelSim-Altera Info: #         Searched libraries:
ModelSim-Altera Info: #             D:/ARSIKOM/EL3011_1_20251105_13223048/Tugas3/simulation/modelsim/gate_work
ModelSim-Altera Error: # ** Error: (vsim-3033) data_mem_rv32i.vo(784): Instantiation of 'stratixii_io' failed. The design unit was not found.
ModelSim-Altera Info: #    Time: 0 ps  Iteration: 0  Instance: /data_mem_rv32i File: data_mem_rv32i.vo
ModelSim-Altera Info: #         Searched libraries:
ModelSim-Altera Info: #             D:/ARSIKOM/EL3011_1_20251105_13223048/Tugas3/simulation/modelsim/gate_work
ModelSim-Altera Error: # ** Error: (vsim-3033) data_mem_rv32i.vo(834): Instantiation of 'stratixii_io' failed. The design unit was not found.
ModelSim-Altera Info: #    Time: 0 ps  Iteration: 0  Instance: /data_mem_rv32i File: data_mem_rv32i.vo
ModelSim-Altera Info: #         Searched libraries:
ModelSim-Altera Info: #             D:/ARSIKOM/EL3011_1_20251105_13223048/Tugas3/simulation/modelsim/gate_work
ModelSim-Altera Error: # ** Error: (vsim-3033) data_mem_rv32i.vo(884): Instantiation of 'stratixii_io' failed. The design unit was not found.
ModelSim-Altera Info: #    Time: 0 ps  Iteration: 0  Instance: /data_mem_rv32i File: data_mem_rv32i.vo
ModelSim-Altera Info: #         Searched libraries:
ModelSim-Altera Info: #             D:/ARSIKOM/EL3011_1_20251105_13223048/Tugas3/simulation/modelsim/gate_work
ModelSim-Altera Error: # ** Error: (vsim-3033) data_mem_rv32i.vo(934): Instantiation of 'stratixii_io' failed. The design unit was not found.
ModelSim-Altera Info: #    Time: 0 ps  Iteration: 0  Instance: /data_mem_rv32i File: data_mem_rv32i.vo
ModelSim-Altera Info: #         Searched libraries:
ModelSim-Altera Info: #             D:/ARSIKOM/EL3011_1_20251105_13223048/Tugas3/simulation/modelsim/gate_work
ModelSim-Altera Error: # ** Error: (vsim-3033) data_mem_rv32i.vo(984): Instantiation of 'stratixii_io' failed. The design unit was not found.
ModelSim-Altera Info: #    Time: 0 ps  Iteration: 0  Instance: /data_mem_rv32i File: data_mem_rv32i.vo
ModelSim-Altera Info: #         Searched libraries:
ModelSim-Altera Info: #             D:/ARSIKOM/EL3011_1_20251105_13223048/Tugas3/simulation/modelsim/gate_work
ModelSim-Altera Error: # ** Error: (vsim-3033) data_mem_rv32i.vo(1034): Instantiation of 'stratixii_io' failed. The design unit was not found.
ModelSim-Altera Info: #    Time: 0 ps  Iteration: 0  Instance: /data_mem_rv32i File: data_mem_rv32i.vo
ModelSim-Altera Info: #         Searched libraries:
ModelSim-Altera Info: #             D:/ARSIKOM/EL3011_1_20251105_13223048/Tugas3/simulation/modelsim/gate_work
ModelSim-Altera Error: # ** Error: (vsim-3033) data_mem_rv32i.vo(1084): Instantiation of 'stratixii_lcell_comb' failed. The design unit was not found.
ModelSim-Altera Info: #    Time: 0 ps  Iteration: 0  Instance: /data_mem_rv32i File: data_mem_rv32i.vo
ModelSim-Altera Info: #         Searched libraries:
ModelSim-Altera Info: #             D:/ARSIKOM/EL3011_1_20251105_13223048/Tugas3/simulation/modelsim/gate_work
ModelSim-Altera Error: # ** Error: (vsim-3033) data_mem_rv32i.vo(1108): Instantiation of 'stratixii_io' failed. The design unit was not found.
ModelSim-Altera Info: #    Time: 0 ps  Iteration: 0  Instance: /data_mem_rv32i File: data_mem_rv32i.vo
ModelSim-Altera Info: #         Searched libraries:
ModelSim-Altera Info: #             D:/ARSIKOM/EL3011_1_20251105_13223048/Tugas3/simulation/modelsim/gate_work
ModelSim-Altera Error: # ** Error: (vsim-3033) data_mem_rv32i.vo(1158): Instantiation of 'stratixii_lcell_comb' failed. The design unit was not found.
ModelSim-Altera Info: #    Time: 0 ps  Iteration: 0  Instance: /data_mem_rv32i File: data_mem_rv32i.vo
ModelSim-Altera Info: #         Searched libraries:
ModelSim-Altera Info: #             D:/ARSIKOM/EL3011_1_20251105_13223048/Tugas3/simulation/modelsim/gate_work
ModelSim-Altera Error: # ** Error: (vsim-3033) data_mem_rv32i.vo(1183): Instantiation of 'stratixii_io' failed. The design unit was not found.
ModelSim-Altera Info: #    Time: 0 ps  Iteration: 0  Instance: /data_mem_rv32i File: data_mem_rv32i.vo
ModelSim-Altera Info: #         Searched libraries:
ModelSim-Altera Info: #             D:/ARSIKOM/EL3011_1_20251105_13223048/Tugas3/simulation/modelsim/gate_work
ModelSim-Altera Error: # ** Error: (vsim-3033) data_mem_rv32i.vo(1233): Instantiation of 'stratixii_lcell_comb' failed. The design unit was not found.
ModelSim-Altera Info: #    Time: 0 ps  Iteration: 0  Instance: /data_mem_rv32i File: data_mem_rv32i.vo
ModelSim-Altera Info: #         Searched libraries:
ModelSim-Altera Info: #             D:/ARSIKOM/EL3011_1_20251105_13223048/Tugas3/simulation/modelsim/gate_work
ModelSim-Altera Error: # ** Error: (vsim-3033) data_mem_rv32i.vo(1257): Instantiation of 'stratixii_io' failed. The design unit was not found.
ModelSim-Altera Info: #    Time: 0 ps  Iteration: 0  Instance: /data_mem_rv32i File: data_mem_rv32i.vo
ModelSim-Altera Info: #         Searched libraries:
ModelSim-Altera Info: #             D:/ARSIKOM/EL3011_1_20251105_13223048/Tugas3/simulation/modelsim/gate_work
ModelSim-Altera Error: # ** Error: (vsim-3033) data_mem_rv32i.vo(1307): Instantiation of 'stratixii_lcell_comb' failed. The design unit was not found.
ModelSim-Altera Info: #    Time: 0 ps  Iteration: 0  Instance: /data_mem_rv32i File: data_mem_rv32i.vo
ModelSim-Altera Info: #         Searched libraries:
ModelSim-Altera Info: #             D:/ARSIKOM/EL3011_1_20251105_13223048/Tugas3/simulation/modelsim/gate_work
ModelSim-Altera Error: # ** Error: (vsim-3033) data_mem_rv32i.vo(1332): Instantiation of 'stratixii_io' failed. The design unit was not found.
ModelSim-Altera Info: #    Time: 0 ps  Iteration: 0  Instance: /data_mem_rv32i File: data_mem_rv32i.vo
ModelSim-Altera Info: #         Searched libraries:
ModelSim-Altera Info: #             D:/ARSIKOM/EL3011_1_20251105_13223048/Tugas3/simulation/modelsim/gate_work
ModelSim-Altera Error: # ** Error: (vsim-3033) data_mem_rv32i.vo(1382): Instantiation of 'stratixii_lcell_comb' failed. The design unit was not found.
ModelSim-Altera Info: #    Time: 0 ps  Iteration: 0  Instance: /data_mem_rv32i File: data_mem_rv32i.vo
ModelSim-Altera Info: #         Searched libraries:
ModelSim-Altera Info: #             D:/ARSIKOM/EL3011_1_20251105_13223048/Tugas3/simulation/modelsim/gate_work
ModelSim-Altera Error: # ** Error: (vsim-3033) data_mem_rv32i.vo(1406): Instantiation of 'stratixii_io' failed. The design unit was not found.
ModelSim-Altera Info: #    Time: 0 ps  Iteration: 0  Instance: /data_mem_rv32i File: data_mem_rv32i.vo
ModelSim-Altera Info: #         Searched libraries:
ModelSim-Altera Info: #             D:/ARSIKOM/EL3011_1_20251105_13223048/Tugas3/simulation/modelsim/gate_work
ModelSim-Altera Error: # ** Error: (vsim-3033) data_mem_rv32i.vo(1456): Instantiation of 'stratixii_lcell_comb' failed. The design unit was not found.
ModelSim-Altera Info: #    Time: 0 ps  Iteration: 0  Instance: /data_mem_rv32i File: data_mem_rv32i.vo
ModelSim-Altera Info: #         Searched libraries:
ModelSim-Altera Info: #             D:/ARSIKOM/EL3011_1_20251105_13223048/Tugas3/simulation/modelsim/gate_work
ModelSim-Altera Error: # ** Error: (vsim-3033) data_mem_rv32i.vo(1481): Instantiation of 'stratixii_io' failed. The design unit was not found.
ModelSim-Altera Info: #    Time: 0 ps  Iteration: 0  Instance: /data_mem_rv32i File: data_mem_rv32i.vo
ModelSim-Altera Info: #         Searched libraries:
ModelSim-Altera Info: #             D:/ARSIKOM/EL3011_1_20251105_13223048/Tugas3/simulation/modelsim/gate_work
ModelSim-Altera Error: # ** Error: (vsim-3033) data_mem_rv32i.vo(1531): Instantiation of 'stratixii_lcell_comb' failed. The design unit was not found.
ModelSim-Altera Info: #    Time: 0 ps  Iteration: 0  Instance: /data_mem_rv32i File: data_mem_rv32i.vo
ModelSim-Altera Info: #         Searched libraries:
ModelSim-Altera Info: #             D:/ARSIKOM/EL3011_1_20251105_13223048/Tugas3/simulation/modelsim/gate_work
ModelSim-Altera Error: # ** Error: (vsim-3033) data_mem_rv32i.vo(1556): Instantiation of 'stratixii_io' failed. The design unit was not found.
ModelSim-Altera Info: #    Time: 0 ps  Iteration: 0  Instance: /data_mem_rv32i File: data_mem_rv32i.vo
ModelSim-Altera Info: #         Searched libraries:
ModelSim-Altera Info: #             D:/ARSIKOM/EL3011_1_20251105_13223048/Tugas3/simulation/modelsim/gate_work
ModelSim-Altera Error: # ** Error: (vsim-3033) data_mem_rv32i.vo(1606): Instantiation of 'stratixii_lcell_comb' failed. The design unit was not found.
ModelSim-Altera Info: #    Time: 0 ps  Iteration: 0  Instance: /data_mem_rv32i File: data_mem_rv32i.vo
ModelSim-Altera Info: #         Searched libraries:
ModelSim-Altera Info: #             D:/ARSIKOM/EL3011_1_20251105_13223048/Tugas3/simulation/modelsim/gate_work
ModelSim-Altera Error: # ** Error: (vsim-3033) data_mem_rv32i.vo(1631): Instantiation of 'stratixii_io' failed. The design unit was not found.
ModelSim-Altera Info: #    Time: 0 ps  Iteration: 0  Instance: /data_mem_rv32i File: data_mem_rv32i.vo
ModelSim-Altera Info: #         Searched libraries:
ModelSim-Altera Info: #             D:/ARSIKOM/EL3011_1_20251105_13223048/Tugas3/simulation/modelsim/gate_work
ModelSim-Altera Error: # ** Error: (vsim-3033) data_mem_rv32i.vo(1681): Instantiation of 'stratixii_lcell_comb' failed. The design unit was not found.
ModelSim-Altera Info: #    Time: 0 ps  Iteration: 0  Instance: /data_mem_rv32i File: data_mem_rv32i.vo
ModelSim-Altera Info: #         Searched libraries:
ModelSim-Altera Info: #             D:/ARSIKOM/EL3011_1_20251105_13223048/Tugas3/simulation/modelsim/gate_work
ModelSim-Altera Error: # ** Error: (vsim-3033) data_mem_rv32i.vo(1707): Instantiation of 'stratixii_io' failed. The design unit was not found.
ModelSim-Altera Info: #    Time: 0 ps  Iteration: 0  Instance: /data_mem_rv32i File: data_mem_rv32i.vo
ModelSim-Altera Info: #         Searched libraries:
ModelSim-Altera Info: #             D:/ARSIKOM/EL3011_1_20251105_13223048/Tugas3/simulation/modelsim/gate_work
ModelSim-Altera Error: # ** Error: (vsim-3033) data_mem_rv32i.vo(1757): Instantiation of 'stratixii_lcell_comb' failed. The design unit was not found.
ModelSim-Altera Info: #    Time: 0 ps  Iteration: 0  Instance: /data_mem_rv32i File: data_mem_rv32i.vo
ModelSim-Altera Info: #         Searched libraries:
ModelSim-Altera Info: #             D:/ARSIKOM/EL3011_1_20251105_13223048/Tugas3/simulation/modelsim/gate_work
ModelSim-Altera Error: # ** Error: (vsim-3033) data_mem_rv32i.vo(1783): Instantiation of 'stratixii_io' failed. The design unit was not found.
ModelSim-Altera Info: #    Time: 0 ps  Iteration: 0  Instance: /data_mem_rv32i File: data_mem_rv32i.vo
ModelSim-Altera Info: #         Searched libraries:
ModelSim-Altera Info: #             D:/ARSIKOM/EL3011_1_20251105_13223048/Tugas3/simulation/modelsim/gate_work
ModelSim-Altera Error: # ** Error: (vsim-3033) data_mem_rv32i.vo(1833): Instantiation of 'stratixii_lcell_comb' failed. The design unit was not found.
ModelSim-Altera Info: #    Time: 0 ps  Iteration: 0  Instance: /data_mem_rv32i File: data_mem_rv32i.vo
ModelSim-Altera Info: #         Searched libraries:
ModelSim-Altera Info: #             D:/ARSIKOM/EL3011_1_20251105_13223048/Tugas3/simulation/modelsim/gate_work
ModelSim-Altera Error: # ** Error: (vsim-3033) data_mem_rv32i.vo(1859): Instantiation of 'stratixii_io' failed. The design unit was not found.
ModelSim-Altera Info: #    Time: 0 ps  Iteration: 0  Instance: /data_mem_rv32i File: data_mem_rv32i.vo
ModelSim-Altera Info: #         Searched libraries:
ModelSim-Altera Info: #             D:/ARSIKOM/EL3011_1_20251105_13223048/Tugas3/simulation/modelsim/gate_work
ModelSim-Altera Error: # ** Error: (vsim-3033) data_mem_rv32i.vo(1909): Instantiation of 'stratixii_lcell_comb' failed. The design unit was not found.
ModelSim-Altera Info: #    Time: 0 ps  Iteration: 0  Instance: /data_mem_rv32i File: data_mem_rv32i.vo
ModelSim-Altera Info: #         Searched libraries:
ModelSim-Altera Info: #             D:/ARSIKOM/EL3011_1_20251105_13223048/Tugas3/simulation/modelsim/gate_work
ModelSim-Altera Error: # ** Error: (vsim-3033) data_mem_rv32i.vo(1935): Instantiation of 'stratixii_io' failed. The design unit was not found.
ModelSim-Altera Info: #    Time: 0 ps  Iteration: 0  Instance: /data_mem_rv32i File: data_mem_rv32i.vo
ModelSim-Altera Info: #         Searched libraries:
ModelSim-Altera Info: #             D:/ARSIKOM/EL3011_1_20251105_13223048/Tugas3/simulation/modelsim/gate_work
ModelSim-Altera Error: # ** Error: (vsim-3033) data_mem_rv32i.vo(1985): Instantiation of 'stratixii_lcell_comb' failed. The design unit was not found.
ModelSim-Altera Info: #    Time: 0 ps  Iteration: 0  Instance: /data_mem_rv32i File: data_mem_rv32i.vo
ModelSim-Altera Info: #         Searched libraries:
ModelSim-Altera Info: #             D:/ARSIKOM/EL3011_1_20251105_13223048/Tugas3/simulation/modelsim/gate_work
ModelSim-Altera Error: # ** Error: (vsim-3033) data_mem_rv32i.vo(2011): Instantiation of 'stratixii_io' failed. The design unit was not found.
ModelSim-Altera Info: #    Time: 0 ps  Iteration: 0  Instance: /data_mem_rv32i File: data_mem_rv32i.vo
ModelSim-Altera Info: #         Searched libraries:
ModelSim-Altera Info: #             D:/ARSIKOM/EL3011_1_20251105_13223048/Tugas3/simulation/modelsim/gate_work
ModelSim-Altera Error: # ** Error: (vsim-3033) data_mem_rv32i.vo(2061): Instantiation of 'stratixii_lcell_comb' failed. The design unit was not found.
ModelSim-Altera Info: #    Time: 0 ps  Iteration: 0  Instance: /data_mem_rv32i File: data_mem_rv32i.vo
ModelSim-Altera Info: #         Searched libraries:
ModelSim-Altera Info: #             D:/ARSIKOM/EL3011_1_20251105_13223048/Tugas3/simulation/modelsim/gate_work
ModelSim-Altera Error: # ** Error: (vsim-3033) data_mem_rv32i.vo(2087): Instantiation of 'stratixii_io' failed. The design unit was not found.
ModelSim-Altera Info: #    Time: 0 ps  Iteration: 0  Instance: /data_mem_rv32i File: data_mem_rv32i.vo
ModelSim-Altera Info: #         Searched libraries:
ModelSim-Altera Info: #             D:/ARSIKOM/EL3011_1_20251105_13223048/Tugas3/simulation/modelsim/gate_work
ModelSim-Altera Error: # ** Error: (vsim-3033) data_mem_rv32i.vo(2137): Instantiation of 'stratixii_lcell_comb' failed. The design unit was not found.
ModelSim-Altera Info: #    Time: 0 ps  Iteration: 0  Instance: /data_mem_rv32i File: data_mem_rv32i.vo
ModelSim-Altera Info: #         Searched libraries:
ModelSim-Altera Info: #             D:/ARSIKOM/EL3011_1_20251105_13223048/Tugas3/simulation/modelsim/gate_work
ModelSim-Altera Error: # ** Error: (vsim-3033) data_mem_rv32i.vo(2163): Instantiation of 'stratixii_io' failed. The design unit was not found.
ModelSim-Altera Info: #    Time: 0 ps  Iteration: 0  Instance: /data_mem_rv32i File: data_mem_rv32i.vo
ModelSim-Altera Info: #         Searched libraries:
ModelSim-Altera Info: #             D:/ARSIKOM/EL3011_1_20251105_13223048/Tugas3/simulation/modelsim/gate_work
ModelSim-Altera Error: # ** Error: (vsim-3033) data_mem_rv32i.vo(2213): Instantiation of 'stratixii_lcell_comb' failed. The design unit was not found.
ModelSim-Altera Info: #    Time: 0 ps  Iteration: 0  Instance: /data_mem_rv32i File: data_mem_rv32i.vo
ModelSim-Altera Info: #         Searched libraries:
ModelSim-Altera Info: #             D:/ARSIKOM/EL3011_1_20251105_13223048/Tugas3/simulation/modelsim/gate_work
ModelSim-Altera Error: # ** Error: (vsim-3033) data_mem_rv32i.vo(2239): Instantiation of 'stratixii_lcell_comb' failed. The design unit was not found.
ModelSim-Altera Info: #    Time: 0 ps  Iteration: 0  Instance: /data_mem_rv32i File: data_mem_rv32i.vo
ModelSim-Altera Info: #         Searched libraries:
ModelSim-Altera Info: #             D:/ARSIKOM/EL3011_1_20251105_13223048/Tugas3/simulation/modelsim/gate_work
ModelSim-Altera Error: # ** Error: (vsim-3033) data_mem_rv32i.vo(2264): Instantiation of 'stratixii_ram_block' failed. The design unit was not found.
ModelSim-Altera Info: #    Time: 0 ps  Iteration: 0  Instance: /data_mem_rv32i File: data_mem_rv32i.vo
ModelSim-Altera Info: #         Searched libraries:
ModelSim-Altera Info: #             D:/ARSIKOM/EL3011_1_20251105_13223048/Tugas3/simulation/modelsim/gate_work
ModelSim-Altera Error: # ** Error: (vsim-3033) data_mem_rv32i.vo(2312): Instantiation of 'stratixii_io' failed. The design unit was not found.
ModelSim-Altera Info: #    Time: 0 ps  Iteration: 0  Instance: /data_mem_rv32i File: data_mem_rv32i.vo
ModelSim-Altera Info: #         Searched libraries:
ModelSim-Altera Info: #             D:/ARSIKOM/EL3011_1_20251105_13223048/Tugas3/simulation/modelsim/gate_work
ModelSim-Altera Error: # ** Error: (vsim-3033) data_mem_rv32i.vo(2362): Instantiation of 'stratixii_lcell_comb' failed. The design unit was not found.
ModelSim-Altera Info: #    Time: 0 ps  Iteration: 0  Instance: /data_mem_rv32i File: data_mem_rv32i.vo
ModelSim-Altera Info: #         Searched libraries:
ModelSim-Altera Info: #             D:/ARSIKOM/EL3011_1_20251105_13223048/Tugas3/simulation/modelsim/gate_work
ModelSim-Altera Error: # ** Error: (vsim-3033) data_mem_rv32i.vo(2388): Instantiation of 'stratixii_lcell_comb' failed. The design unit was not found.
ModelSim-Altera Info: #    Time: 0 ps  Iteration: 0  Instance: /data_mem_rv32i File: data_mem_rv32i.vo
ModelSim-Altera Info: #         Searched libraries:
ModelSim-Altera Info: #             D:/ARSIKOM/EL3011_1_20251105_13223048/Tugas3/simulation/modelsim/gate_work
ModelSim-Altera Error: # ** Error: (vsim-3033) data_mem_rv32i.vo(2412): Instantiation of 'stratixii_io' failed. The design unit was not found.
ModelSim-Altera Info: #    Time: 0 ps  Iteration: 0  Instance: /data_mem_rv32i File: data_mem_rv32i.vo
ModelSim-Altera Info: #         Searched libraries:
ModelSim-Altera Info: #             D:/ARSIKOM/EL3011_1_20251105_13223048/Tugas3/simulation/modelsim/gate_work
ModelSim-Altera Error: # ** Error: (vsim-3033) data_mem_rv32i.vo(2462): Instantiation of 'stratixii_lcell_comb' failed. The design unit was not found.
ModelSim-Altera Info: #    Time: 0 ps  Iteration: 0  Instance: /data_mem_rv32i File: data_mem_rv32i.vo
ModelSim-Altera Info: #         Searched libraries:
ModelSim-Altera Info: #             D:/ARSIKOM/EL3011_1_20251105_13223048/Tugas3/simulation/modelsim/gate_work
ModelSim-Altera Error: # ** Error: (vsim-3033) data_mem_rv32i.vo(2488): Instantiation of 'stratixii_io' failed. The design unit was not found.
ModelSim-Altera Info: #    Time: 0 ps  Iteration: 0  Instance: /data_mem_rv32i File: data_mem_rv32i.vo
ModelSim-Altera Info: #         Searched libraries:
ModelSim-Altera Info: #             D:/ARSIKOM/EL3011_1_20251105_13223048/Tugas3/simulation/modelsim/gate_work
ModelSim-Altera Error: # ** Error: (vsim-3033) data_mem_rv32i.vo(2538): Instantiation of 'stratixii_lcell_comb' failed. The design unit was not found.
ModelSim-Altera Info: #    Time: 0 ps  Iteration: 0  Instance: /data_mem_rv32i File: data_mem_rv32i.vo
ModelSim-Altera Info: #         Searched libraries:
ModelSim-Altera Info: #             D:/ARSIKOM/EL3011_1_20251105_13223048/Tugas3/simulation/modelsim/gate_work
ModelSim-Altera Error: # ** Error: (vsim-3033) data_mem_rv32i.vo(2564): Instantiation of 'stratixii_io' failed. The design unit was not found.
ModelSim-Altera Info: #    Time: 0 ps  Iteration: 0  Instance: /data_mem_rv32i File: data_mem_rv32i.vo
ModelSim-Altera Info: #         Searched libraries:
ModelSim-Altera Info: #             D:/ARSIKOM/EL3011_1_20251105_13223048/Tugas3/simulation/modelsim/gate_work
ModelSim-Altera Error: # ** Error: (vsim-3033) data_mem_rv32i.vo(2614): Instantiation of 'stratixii_lcell_comb' failed. The design unit was not found.
ModelSim-Altera Info: #    Time: 0 ps  Iteration: 0  Instance: /data_mem_rv32i File: data_mem_rv32i.vo
ModelSim-Altera Info: #         Searched libraries:
ModelSim-Altera Info: #             D:/ARSIKOM/EL3011_1_20251105_13223048/Tugas3/simulation/modelsim/gate_work
ModelSim-Altera Error: # ** Error: (vsim-3033) data_mem_rv32i.vo(2640): Instantiation of 'stratixii_io' failed. The design unit was not found.
ModelSim-Altera Info: #    Time: 0 ps  Iteration: 0  Instance: /data_mem_rv32i File: data_mem_rv32i.vo
ModelSim-Altera Info: #         Searched libraries:
ModelSim-Altera Info: #             D:/ARSIKOM/EL3011_1_20251105_13223048/Tugas3/simulation/modelsim/gate_work
ModelSim-Altera Error: # ** Error: (vsim-3033) data_mem_rv32i.vo(2690): Instantiation of 'stratixii_lcell_comb' failed. The design unit was not found.
ModelSim-Altera Info: #    Time: 0 ps  Iteration: 0  Instance: /data_mem_rv32i File: data_mem_rv32i.vo
ModelSim-Altera Info: #         Searched libraries:
ModelSim-Altera Info: #             D:/ARSIKOM/EL3011_1_20251105_13223048/Tugas3/simulation/modelsim/gate_work
ModelSim-Altera Error: # ** Error: (vsim-3033) data_mem_rv32i.vo(2716): Instantiation of 'stratixii_io' failed. The design unit was not found.
ModelSim-Altera Info: #    Time: 0 ps  Iteration: 0  Instance: /data_mem_rv32i File: data_mem_rv32i.vo
ModelSim-Altera Info: #         Searched libraries:
ModelSim-Altera Info: #             D:/ARSIKOM/EL3011_1_20251105_13223048/Tugas3/simulation/modelsim/gate_work
ModelSim-Altera Error: # ** Error: (vsim-3033) data_mem_rv32i.vo(2766): Instantiation of 'stratixii_lcell_comb' failed. The design unit was not found.
ModelSim-Altera Info: #    Time: 0 ps  Iteration: 0  Instance: /data_mem_rv32i File: data_mem_rv32i.vo
ModelSim-Altera Info: #         Searched libraries:
ModelSim-Altera Info: #             D:/ARSIKOM/EL3011_1_20251105_13223048/Tugas3/simulation/modelsim/gate_work
ModelSim-Altera Error: # ** Error: (vsim-3033) data_mem_rv32i.vo(2792): Instantiation of 'stratixii_io' failed. The design unit was not found.
ModelSim-Altera Info: #    Time: 0 ps  Iteration: 0  Instance: /data_mem_rv32i File: data_mem_rv32i.vo
ModelSim-Altera Info: #         Searched libraries:
ModelSim-Altera Info: #             D:/ARSIKOM/EL3011_1_20251105_13223048/Tugas3/simulation/modelsim/gate_work
ModelSim-Altera Error: # ** Error: (vsim-3033) data_mem_rv32i.vo(2842): Instantiation of 'stratixii_lcell_comb' failed. The design unit was not found.
ModelSim-Altera Info: #    Time: 0 ps  Iteration: 0  Instance: /data_mem_rv32i File: data_mem_rv32i.vo
ModelSim-Altera Info: #         Searched libraries:
ModelSim-Altera Info: #             D:/ARSIKOM/EL3011_1_20251105_13223048/Tugas3/simulation/modelsim/gate_work
ModelSim-Altera Error: # ** Error: (vsim-3033) data_mem_rv32i.vo(2868): Instantiation of 'stratixii_io' failed. The design unit was not found.
ModelSim-Altera Info: #    Time: 0 ps  Iteration: 0  Instance: /data_mem_rv32i File: data_mem_rv32i.vo
ModelSim-Altera Info: #         Searched libraries:
ModelSim-Altera Info: #             D:/ARSIKOM/EL3011_1_20251105_13223048/Tugas3/simulation/modelsim/gate_work
ModelSim-Altera Error: # ** Error: (vsim-3033) data_mem_rv32i.vo(2918): Instantiation of 'stratixii_lcell_comb' failed. The design unit was not found.
ModelSim-Altera Info: #    Time: 0 ps  Iteration: 0  Instance: /data_mem_rv32i File: data_mem_rv32i.vo
ModelSim-Altera Info: #         Searched libraries:
ModelSim-Altera Info: #             D:/ARSIKOM/EL3011_1_20251105_13223048/Tugas3/simulation/modelsim/gate_work
ModelSim-Altera Error: # ** Error: (vsim-3033) data_mem_rv32i.vo(2944): Instantiation of 'stratixii_io' failed. The design unit was not found.
ModelSim-Altera Info: #    Time: 0 ps  Iteration: 0  Instance: /data_mem_rv32i File: data_mem_rv32i.vo
ModelSim-Altera Info: #         Searched libraries:
ModelSim-Altera Info: #             D:/ARSIKOM/EL3011_1_20251105_13223048/Tugas3/simulation/modelsim/gate_work
ModelSim-Altera Error: # ** Error: (vsim-3033) data_mem_rv32i.vo(2994): Instantiation of 'stratixii_lcell_comb' failed. The design unit was not found.
ModelSim-Altera Info: #    Time: 0 ps  Iteration: 0  Instance: /data_mem_rv32i File: data_mem_rv32i.vo
ModelSim-Altera Info: #         Searched libraries:
ModelSim-Altera Info: #             D:/ARSIKOM/EL3011_1_20251105_13223048/Tugas3/simulation/modelsim/gate_work
ModelSim-Altera Error: # ** Error: (vsim-3033) data_mem_rv32i.vo(3018): Instantiation of 'stratixii_lcell_comb' failed. The design unit was not found.
ModelSim-Altera Info: #    Time: 0 ps  Iteration: 0  Instance: /data_mem_rv32i File: data_mem_rv32i.vo
ModelSim-Altera Info: #         Searched libraries:
ModelSim-Altera Info: #             D:/ARSIKOM/EL3011_1_20251105_13223048/Tugas3/simulation/modelsim/gate_work
ModelSim-Altera Error: # ** Error: (vsim-3033) data_mem_rv32i.vo(3042): Instantiation of 'stratixii_lcell_comb' failed. The design unit was not found.
ModelSim-Altera Info: #    Time: 0 ps  Iteration: 0  Instance: /data_mem_rv32i File: data_mem_rv32i.vo
ModelSim-Altera Info: #         Searched libraries:
ModelSim-Altera Info: #             D:/ARSIKOM/EL3011_1_20251105_13223048/Tugas3/simulation/modelsim/gate_work
ModelSim-Altera Error: # ** Error: (vsim-3033) data_mem_rv32i.vo(3066): Instantiation of 'stratixii_lcell_comb' failed. The design unit was not found.
ModelSim-Altera Info: #    Time: 0 ps  Iteration: 0  Instance: /data_mem_rv32i File: data_mem_rv32i.vo
ModelSim-Altera Info: #         Searched libraries:
ModelSim-Altera Info: #             D:/ARSIKOM/EL3011_1_20251105_13223048/Tugas3/simulation/modelsim/gate_work
ModelSim-Altera Error: # ** Error: (vsim-3033) data_mem_rv32i.vo(3092): Instantiation of 'stratixii_io' failed. The design unit was not found.
ModelSim-Altera Info: #    Time: 0 ps  Iteration: 0  Instance: /data_mem_rv32i File: data_mem_rv32i.vo
ModelSim-Altera Info: #         Searched libraries:
ModelSim-Altera Info: #             D:/ARSIKOM/EL3011_1_20251105_13223048/Tugas3/simulation/modelsim/gate_work
ModelSim-Altera Error: # ** Error: (vsim-3033) data_mem_rv32i.vo(3142): Instantiation of 'stratixii_lcell_comb' failed. The design unit was not found.
ModelSim-Altera Info: #    Time: 0 ps  Iteration: 0  Instance: /data_mem_rv32i File: data_mem_rv32i.vo
ModelSim-Altera Info: #         Searched libraries:
ModelSim-Altera Info: #             D:/ARSIKOM/EL3011_1_20251105_13223048/Tugas3/simulation/modelsim/gate_work
ModelSim-Altera Error: # ** Error: (vsim-3033) data_mem_rv32i.vo(3168): Instantiation of 'stratixii_io' failed. The design unit was not found.
ModelSim-Altera Info: #    Time: 0 ps  Iteration: 0  Instance: /data_mem_rv32i File: data_mem_rv32i.vo
ModelSim-Altera Info: #         Searched libraries:
ModelSim-Altera Info: #             D:/ARSIKOM/EL3011_1_20251105_13223048/Tugas3/simulation/modelsim/gate_work
ModelSim-Altera Error: # ** Error: (vsim-3033) data_mem_rv32i.vo(3218): Instantiation of 'stratixii_lcell_comb' failed. The design unit was not found.
ModelSim-Altera Info: #    Time: 0 ps  Iteration: 0  Instance: /data_mem_rv32i File: data_mem_rv32i.vo
ModelSim-Altera Info: #         Searched libraries:
ModelSim-Altera Info: #             D:/ARSIKOM/EL3011_1_20251105_13223048/Tugas3/simulation/modelsim/gate_work
ModelSim-Altera Error: # ** Error: (vsim-3033) data_mem_rv32i.vo(3244): Instantiation of 'stratixii_io' failed. The design unit was not found.
ModelSim-Altera Info: #    Time: 0 ps  Iteration: 0  Instance: /data_mem_rv32i File: data_mem_rv32i.vo
ModelSim-Altera Info: #         Searched libraries:
ModelSim-Altera Info: #             D:/ARSIKOM/EL3011_1_20251105_13223048/Tugas3/simulation/modelsim/gate_work
ModelSim-Altera Error: # ** Error: (vsim-3033) data_mem_rv32i.vo(3294): Instantiation of 'stratixii_lcell_comb' failed. The design unit was not found.
ModelSim-Altera Info: #    Time: 0 ps  Iteration: 0  Instance: /data_mem_rv32i File: data_mem_rv32i.vo
ModelSim-Altera Info: #         Searched libraries:
ModelSim-Altera Info: #             D:/ARSIKOM/EL3011_1_20251105_13223048/Tugas3/simulation/modelsim/gate_work
ModelSim-Altera Error: # ** Error: (vsim-3033) data_mem_rv32i.vo(3319): Instantiation of 'stratixii_io' failed. The design unit was not found.
ModelSim-Altera Info: #    Time: 0 ps  Iteration: 0  Instance: /data_mem_rv32i File: data_mem_rv32i.vo
ModelSim-Altera Info: #         Searched libraries:
ModelSim-Altera Info: #             D:/ARSIKOM/EL3011_1_20251105_13223048/Tugas3/simulation/modelsim/gate_work
ModelSim-Altera Error: # ** Error: (vsim-3033) data_mem_rv32i.vo(3369): Instantiation of 'stratixii_lcell_comb' failed. The design unit was not found.
ModelSim-Altera Info: #    Time: 0 ps  Iteration: 0  Instance: /data_mem_rv32i File: data_mem_rv32i.vo
ModelSim-Altera Info: #         Searched libraries:
ModelSim-Altera Info: #             D:/ARSIKOM/EL3011_1_20251105_13223048/Tugas3/simulation/modelsim/gate_work
ModelSim-Altera Error: # ** Error: (vsim-3033) data_mem_rv32i.vo(3395): Instantiation of 'stratixii_io' failed. The design unit was not found.
ModelSim-Altera Info: #    Time: 0 ps  Iteration: 0  Instance: /data_mem_rv32i File: data_mem_rv32i.vo
ModelSim-Altera Info: #         Searched libraries:
ModelSim-Altera Info: #             D:/ARSIKOM/EL3011_1_20251105_13223048/Tugas3/simulation/modelsim/gate_work
ModelSim-Altera Error: # ** Error: (vsim-3033) data_mem_rv32i.vo(3445): Instantiation of 'stratixii_lcell_comb' failed. The design unit was not found.
ModelSim-Altera Info: #    Time: 0 ps  Iteration: 0  Instance: /data_mem_rv32i File: data_mem_rv32i.vo
ModelSim-Altera Info: #         Searched libraries:
ModelSim-Altera Info: #             D:/ARSIKOM/EL3011_1_20251105_13223048/Tugas3/simulation/modelsim/gate_work
ModelSim-Altera Error: # ** Error: (vsim-3033) data_mem_rv32i.vo(3470): Instantiation of 'stratixii_lcell_comb' failed. The design unit was not found.
ModelSim-Altera Info: #    Time: 0 ps  Iteration: 0  Instance: /data_mem_rv32i File: data_mem_rv32i.vo
ModelSim-Altera Info: #         Searched libraries:
ModelSim-Altera Info: #             D:/ARSIKOM/EL3011_1_20251105_13223048/Tugas3/simulation/modelsim/gate_work
ModelSim-Altera Error: # ** Error: (vsim-3033) data_mem_rv32i.vo(3495): Instantiation of 'stratixii_io' failed. The design unit was not found.
ModelSim-Altera Info: #    Time: 0 ps  Iteration: 0  Instance: /data_mem_rv32i File: data_mem_rv32i.vo
ModelSim-Altera Info: #         Searched libraries:
ModelSim-Altera Info: #             D:/ARSIKOM/EL3011_1_20251105_13223048/Tugas3/simulation/modelsim/gate_work
ModelSim-Altera Error: # ** Error: (vsim-3033) data_mem_rv32i.vo(3545): Instantiation of 'stratixii_lcell_comb' failed. The design unit was not found.
ModelSim-Altera Info: #    Time: 0 ps  Iteration: 0  Instance: /data_mem_rv32i File: data_mem_rv32i.vo
ModelSim-Altera Info: #         Searched libraries:
ModelSim-Altera Info: #             D:/ARSIKOM/EL3011_1_20251105_13223048/Tugas3/simulation/modelsim/gate_work
ModelSim-Altera Error: # ** Error: (vsim-3033) data_mem_rv32i.vo(3571): Instantiation of 'stratixii_lcell_comb' failed. The design unit was not found.
ModelSim-Altera Info: #    Time: 0 ps  Iteration: 0  Instance: /data_mem_rv32i File: data_mem_rv32i.vo
ModelSim-Altera Info: #         Searched libraries:
ModelSim-Altera Info: #             D:/ARSIKOM/EL3011_1_20251105_13223048/Tugas3/simulation/modelsim/gate_work
ModelSim-Altera Error: # ** Error: (vsim-3033) data_mem_rv32i.vo(3595): Instantiation of 'stratixii_ram_block' failed. The design unit was not found.
ModelSim-Altera Info: #    Time: 0 ps  Iteration: 0  Instance: /data_mem_rv32i File: data_mem_rv32i.vo
ModelSim-Altera Info: #         Searched libraries:
ModelSim-Altera Info: #             D:/ARSIKOM/EL3011_1_20251105_13223048/Tugas3/simulation/modelsim/gate_work
ModelSim-Altera Error: # ** Error: (vsim-3033) data_mem_rv32i.vo(3643): Instantiation of 'stratixii_io' failed. The design unit was not found.
ModelSim-Altera Info: #    Time: 0 ps  Iteration: 0  Instance: /data_mem_rv32i File: data_mem_rv32i.vo
ModelSim-Altera Info: #         Searched libraries:
ModelSim-Altera Info: #             D:/ARSIKOM/EL3011_1_20251105_13223048/Tugas3/simulation/modelsim/gate_work
ModelSim-Altera Error: # ** Error: (vsim-3033) data_mem_rv32i.vo(3693): Instantiation of 'stratixii_io' failed. The design unit was not found.
ModelSim-Altera Info: #    Time: 0 ps  Iteration: 0  Instance: /data_mem_rv32i File: data_mem_rv32i.vo
ModelSim-Altera Info: #         Searched libraries:
ModelSim-Altera Info: #             D:/ARSIKOM/EL3011_1_20251105_13223048/Tugas3/simulation/modelsim/gate_work
ModelSim-Altera Error: # ** Error: (vsim-3033) data_mem_rv32i.vo(3743): Instantiation of 'stratixii_io' failed. The design unit was not found.
ModelSim-Altera Info: #    Time: 0 ps  Iteration: 0  Instance: /data_mem_rv32i File: data_mem_rv32i.vo
ModelSim-Altera Info: #         Searched libraries:
ModelSim-Altera Info: #             D:/ARSIKOM/EL3011_1_20251105_13223048/Tugas3/simulation/modelsim/gate_work
ModelSim-Altera Error: # ** Error: (vsim-3033) data_mem_rv32i.vo(3793): Instantiation of 'stratixii_io' failed. The design unit was not found.
ModelSim-Altera Info: #    Time: 0 ps  Iteration: 0  Instance: /data_mem_rv32i File: data_mem_rv32i.vo
ModelSim-Altera Info: #         Searched libraries:
ModelSim-Altera Info: #             D:/ARSIKOM/EL3011_1_20251105_13223048/Tugas3/simulation/modelsim/gate_work
ModelSim-Altera Error: # ** Error: (vsim-3033) data_mem_rv32i.vo(3843): Instantiation of 'stratixii_io' failed. The design unit was not found.
ModelSim-Altera Info: #    Time: 0 ps  Iteration: 0  Instance: /data_mem_rv32i File: data_mem_rv32i.vo
ModelSim-Altera Info: #         Searched libraries:
ModelSim-Altera Info: #             D:/ARSIKOM/EL3011_1_20251105_13223048/Tugas3/simulation/modelsim/gate_work
ModelSim-Altera Error: # ** Error: (vsim-3033) data_mem_rv32i.vo(3893): Instantiation of 'stratixii_io' failed. The design unit was not found.
ModelSim-Altera Info: #    Time: 0 ps  Iteration: 0  Instance: /data_mem_rv32i File: data_mem_rv32i.vo
ModelSim-Altera Info: #         Searched libraries:
ModelSim-Altera Info: #             D:/ARSIKOM/EL3011_1_20251105_13223048/Tugas3/simulation/modelsim/gate_work
ModelSim-Altera Error: # ** Error: (vsim-3033) data_mem_rv32i.vo(3943): Instantiation of 'stratixii_io' failed. The design unit was not found.
ModelSim-Altera Info: #    Time: 0 ps  Iteration: 0  Instance: /data_mem_rv32i File: data_mem_rv32i.vo
ModelSim-Altera Info: #         Searched libraries:
ModelSim-Altera Info: #             D:/ARSIKOM/EL3011_1_20251105_13223048/Tugas3/simulation/modelsim/gate_work
ModelSim-Altera Error: # ** Error: (vsim-3033) data_mem_rv32i.vo(3993): Instantiation of 'stratixii_io' failed. The design unit was not found.
ModelSim-Altera Info: #    Time: 0 ps  Iteration: 0  Instance: /data_mem_rv32i File: data_mem_rv32i.vo
ModelSim-Altera Info: #         Searched libraries:
ModelSim-Altera Info: #             D:/ARSIKOM/EL3011_1_20251105_13223048/Tugas3/simulation/modelsim/gate_work
ModelSim-Altera Error: # ** Error: (vsim-3033) data_mem_rv32i.vo(4043): Instantiation of 'stratixii_io' failed. The design unit was not found.
ModelSim-Altera Info: #    Time: 0 ps  Iteration: 0  Instance: /data_mem_rv32i File: data_mem_rv32i.vo
ModelSim-Altera Info: #         Searched libraries:
ModelSim-Altera Info: #             D:/ARSIKOM/EL3011_1_20251105_13223048/Tugas3/simulation/modelsim/gate_work
ModelSim-Altera Error: # ** Error: (vsim-3033) data_mem_rv32i.vo(4093): Instantiation of 'stratixii_io' failed. The design unit was not found.
ModelSim-Altera Info: #    Time: 0 ps  Iteration: 0  Instance: /data_mem_rv32i File: data_mem_rv32i.vo
ModelSim-Altera Info: #         Searched libraries:
ModelSim-Altera Info: #             D:/ARSIKOM/EL3011_1_20251105_13223048/Tugas3/simulation/modelsim/gate_work
ModelSim-Altera Error: # ** Error: (vsim-3033) data_mem_rv32i.vo(4143): Instantiation of 'stratixii_io' failed. The design unit was not found.
ModelSim-Altera Info: #    Time: 0 ps  Iteration: 0  Instance: /data_mem_rv32i File: data_mem_rv32i.vo
ModelSim-Altera Info: #         Searched libraries:
ModelSim-Altera Info: #             D:/ARSIKOM/EL3011_1_20251105_13223048/Tugas3/simulation/modelsim/gate_work
ModelSim-Altera Error: # ** Error: (vsim-3033) data_mem_rv32i.vo(4193): Instantiation of 'stratixii_io' failed. The design unit was not found.
ModelSim-Altera Info: #    Time: 0 ps  Iteration: 0  Instance: /data_mem_rv32i File: data_mem_rv32i.vo
ModelSim-Altera Info: #         Searched libraries:
ModelSim-Altera Info: #             D:/ARSIKOM/EL3011_1_20251105_13223048/Tugas3/simulation/modelsim/gate_work
ModelSim-Altera Error: # ** Error: (vsim-3033) data_mem_rv32i.vo(4243): Instantiation of 'stratixii_io' failed. The design unit was not found.
ModelSim-Altera Info: #    Time: 0 ps  Iteration: 0  Instance: /data_mem_rv32i File: data_mem_rv32i.vo
ModelSim-Altera Info: #         Searched libraries:
ModelSim-Altera Info: #             D:/ARSIKOM/EL3011_1_20251105_13223048/Tugas3/simulation/modelsim/gate_work
ModelSim-Altera Error: # ** Error: (vsim-3033) data_mem_rv32i.vo(4293): Instantiation of 'stratixii_io' failed. The design unit was not found.
ModelSim-Altera Info: #    Time: 0 ps  Iteration: 0  Instance: /data_mem_rv32i File: data_mem_rv32i.vo
ModelSim-Altera Info: #         Searched libraries:
ModelSim-Altera Info: #             D:/ARSIKOM/EL3011_1_20251105_13223048/Tugas3/simulation/modelsim/gate_work
ModelSim-Altera Error: # ** Error: (vsim-3033) data_mem_rv32i.vo(4343): Instantiation of 'stratixii_io' failed. The design unit was not found.
ModelSim-Altera Info: #    Time: 0 ps  Iteration: 0  Instance: /data_mem_rv32i File: data_mem_rv32i.vo
ModelSim-Altera Info: #         Searched libraries:
ModelSim-Altera Info: #             D:/ARSIKOM/EL3011_1_20251105_13223048/Tugas3/simulation/modelsim/gate_work
ModelSim-Altera Error: # ** Error: (vsim-3033) data_mem_rv32i.vo(4393): Instantiation of 'stratixii_io' failed. The design unit was not found.
ModelSim-Altera Info: #    Time: 0 ps  Iteration: 0  Instance: /data_mem_rv32i File: data_mem_rv32i.vo
ModelSim-Altera Info: #         Searched libraries:
ModelSim-Altera Info: #             D:/ARSIKOM/EL3011_1_20251105_13223048/Tugas3/simulation/modelsim/gate_work
ModelSim-Altera Error: # ** Error: (vsim-3033) data_mem_rv32i.vo(4443): Instantiation of 'stratixii_io' failed. The design unit was not found.
ModelSim-Altera Info: #    Time: 0 ps  Iteration: 0  Instance: /data_mem_rv32i File: data_mem_rv32i.vo
ModelSim-Altera Info: #         Searched libraries:
ModelSim-Altera Info: #             D:/ARSIKOM/EL3011_1_20251105_13223048/Tugas3/simulation/modelsim/gate_work
ModelSim-Altera Error: # ** Error: (vsim-3033) data_mem_rv32i.vo(4493): Instantiation of 'stratixii_io' failed. The design unit was not found.
ModelSim-Altera Info: #    Time: 0 ps  Iteration: 0  Instance: /data_mem_rv32i File: data_mem_rv32i.vo
ModelSim-Altera Info: #         Searched libraries:
ModelSim-Altera Info: #             D:/ARSIKOM/EL3011_1_20251105_13223048/Tugas3/simulation/modelsim/gate_work
ModelSim-Altera Error: # ** Error: (vsim-3033) data_mem_rv32i.vo(4543): Instantiation of 'stratixii_io' failed. The design unit was not found.
ModelSim-Altera Info: #    Time: 0 ps  Iteration: 0  Instance: /data_mem_rv32i File: data_mem_rv32i.vo
ModelSim-Altera Info: #         Searched libraries:
ModelSim-Altera Info: #             D:/ARSIKOM/EL3011_1_20251105_13223048/Tugas3/simulation/modelsim/gate_work
ModelSim-Altera Error: # ** Error: (vsim-3033) data_mem_rv32i.vo(4593): Instantiation of 'stratixii_io' failed. The design unit was not found.
ModelSim-Altera Info: #    Time: 0 ps  Iteration: 0  Instance: /data_mem_rv32i File: data_mem_rv32i.vo
ModelSim-Altera Info: #         Searched libraries:
ModelSim-Altera Info: #             D:/ARSIKOM/EL3011_1_20251105_13223048/Tugas3/simulation/modelsim/gate_work
ModelSim-Altera Error: # ** Error: (vsim-3033) data_mem_rv32i.vo(4643): Instantiation of 'stratixii_io' failed. The design unit was not found.
ModelSim-Altera Info: #    Time: 0 ps  Iteration: 0  Instance: /data_mem_rv32i File: data_mem_rv32i.vo
ModelSim-Altera Info: #         Searched libraries:
ModelSim-Altera Info: #             D:/ARSIKOM/EL3011_1_20251105_13223048/Tugas3/simulation/modelsim/gate_work
ModelSim-Altera Error: # ** Error: (vsim-3033) data_mem_rv32i.vo(4693): Instantiation of 'stratixii_io' failed. The design unit was not found.
ModelSim-Altera Info: #    Time: 0 ps  Iteration: 0  Instance: /data_mem_rv32i File: data_mem_rv32i.vo
ModelSim-Altera Info: #         Searched libraries:
ModelSim-Altera Info: #             D:/ARSIKOM/EL3011_1_20251105_13223048/Tugas3/simulation/modelsim/gate_work
ModelSim-Altera Error: # ** Error: (vsim-3033) data_mem_rv32i.vo(4743): Instantiation of 'stratixii_io' failed. The design unit was not found.
ModelSim-Altera Info: #    Time: 0 ps  Iteration: 0  Instance: /data_mem_rv32i File: data_mem_rv32i.vo
ModelSim-Altera Info: #         Searched libraries:
ModelSim-Altera Info: #             D:/ARSIKOM/EL3011_1_20251105_13223048/Tugas3/simulation/modelsim/gate_work
ModelSim-Altera Error: # ** Error: (vsim-3033) data_mem_rv32i.vo(4793): Instantiation of 'stratixii_io' failed. The design unit was not found.
ModelSim-Altera Info: #    Time: 0 ps  Iteration: 0  Instance: /data_mem_rv32i File: data_mem_rv32i.vo
ModelSim-Altera Info: #         Searched libraries:
ModelSim-Altera Info: #             D:/ARSIKOM/EL3011_1_20251105_13223048/Tugas3/simulation/modelsim/gate_work
ModelSim-Altera Error: # ** Error: (vsim-3033) data_mem_rv32i.vo(4843): Instantiation of 'stratixii_io' failed. The design unit was not found.
ModelSim-Altera Info: #    Time: 0 ps  Iteration: 0  Instance: /data_mem_rv32i File: data_mem_rv32i.vo
ModelSim-Altera Info: #         Searched libraries:
ModelSim-Altera Info: #             D:/ARSIKOM/EL3011_1_20251105_13223048/Tugas3/simulation/modelsim/gate_work
ModelSim-Altera Error: # ** Error: (vsim-3033) data_mem_rv32i.vo(4893): Instantiation of 'stratixii_io' failed. The design unit was not found.
ModelSim-Altera Info: #    Time: 0 ps  Iteration: 0  Instance: /data_mem_rv32i File: data_mem_rv32i.vo
ModelSim-Altera Info: #         Searched libraries:
ModelSim-Altera Info: #             D:/ARSIKOM/EL3011_1_20251105_13223048/Tugas3/simulation/modelsim/gate_work
ModelSim-Altera Error: # ** Error: (vsim-3033) data_mem_rv32i.vo(4943): Instantiation of 'stratixii_io' failed. The design unit was not found.
ModelSim-Altera Info: #    Time: 0 ps  Iteration: 0  Instance: /data_mem_rv32i File: data_mem_rv32i.vo
ModelSim-Altera Info: #         Searched libraries:
ModelSim-Altera Info: #             D:/ARSIKOM/EL3011_1_20251105_13223048/Tugas3/simulation/modelsim/gate_work
ModelSim-Altera Error: # ** Error: (vsim-3033) data_mem_rv32i.vo(4993): Instantiation of 'stratixii_io' failed. The design unit was not found.
ModelSim-Altera Info: #    Time: 0 ps  Iteration: 0  Instance: /data_mem_rv32i File: data_mem_rv32i.vo
ModelSim-Altera Info: #         Searched libraries:
ModelSim-Altera Info: #             D:/ARSIKOM/EL3011_1_20251105_13223048/Tugas3/simulation/modelsim/gate_work
ModelSim-Altera Error: # ** Error: (vsim-3033) data_mem_rv32i.vo(5043): Instantiation of 'stratixii_io' failed. The design unit was not found.
ModelSim-Altera Info: #    Time: 0 ps  Iteration: 0  Instance: /data_mem_rv32i File: data_mem_rv32i.vo
ModelSim-Altera Info: #         Searched libraries:
ModelSim-Altera Info: #             D:/ARSIKOM/EL3011_1_20251105_13223048/Tugas3/simulation/modelsim/gate_work
ModelSim-Altera Error: # ** Error: (vsim-3033) data_mem_rv32i.vo(5093): Instantiation of 'stratixii_io' failed. The design unit was not found.
ModelSim-Altera Info: #    Time: 0 ps  Iteration: 0  Instance: /data_mem_rv32i File: data_mem_rv32i.vo
ModelSim-Altera Info: #         Searched libraries:
ModelSim-Altera Info: #             D:/ARSIKOM/EL3011_1_20251105_13223048/Tugas3/simulation/modelsim/gate_work
ModelSim-Altera Error: # ** Error: (vsim-3033) data_mem_rv32i.vo(5143): Instantiation of 'stratixii_io' failed. The design unit was not found.
ModelSim-Altera Info: #    Time: 0 ps  Iteration: 0  Instance: /data_mem_rv32i File: data_mem_rv32i.vo
ModelSim-Altera Info: #         Searched libraries:
ModelSim-Altera Info: #             D:/ARSIKOM/EL3011_1_20251105_13223048/Tugas3/simulation/modelsim/gate_work
ModelSim-Altera Error: # ** Error: (vsim-3033) data_mem_rv32i.vo(5193): Instantiation of 'stratixii_io' failed. The design unit was not found.
ModelSim-Altera Info: #    Time: 0 ps  Iteration: 0  Instance: /data_mem_rv32i File: data_mem_rv32i.vo
ModelSim-Altera Info: #         Searched libraries:
ModelSim-Altera Info: #             D:/ARSIKOM/EL3011_1_20251105_13223048/Tugas3/simulation/modelsim/gate_work
ModelSim-Altera Error: # ** Error: (vsim-3033) data_mem_rv32i.vo(5243): Instantiation of 'stratixii_io' failed. The design unit was not found.
ModelSim-Altera Info: #    Time: 0 ps  Iteration: 0  Instance: /data_mem_rv32i File: data_mem_rv32i.vo
ModelSim-Altera Info: #         Searched libraries:
ModelSim-Altera Info: #             D:/ARSIKOM/EL3011_1_20251105_13223048/Tugas3/simulation/modelsim/gate_work
ModelSim-Altera Error: # ** Error: (vsim-3033) data_mem_rv32i.vo(5293): Instantiation of 'stratixii_io' failed. The design unit was not found.
ModelSim-Altera Info: #    Time: 0 ps  Iteration: 0  Instance: /data_mem_rv32i File: data_mem_rv32i.vo
ModelSim-Altera Info: #         Searched libraries:
ModelSim-Altera Info: #             D:/ARSIKOM/EL3011_1_20251105_13223048/Tugas3/simulation/modelsim/gate_work
ModelSim-Altera Error: # ** Error: (vsim-3033) data_mem_rv32i.vo(5343): Instantiation of 'stratixii_io' failed. The design unit was not found.
ModelSim-Altera Info: #    Time: 0 ps  Iteration: 0  Instance: /data_mem_rv32i File: data_mem_rv32i.vo
ModelSim-Altera Info: #         Searched libraries:
ModelSim-Altera Info: #             D:/ARSIKOM/EL3011_1_20251105_13223048/Tugas3/simulation/modelsim/gate_work
ModelSim-Altera Error: # ** Error: (vsim-3033) data_mem_rv32i.vo(5393): Instantiation of 'stratixii_io' failed. The design unit was not found.
ModelSim-Altera Info: #    Time: 0 ps  Iteration: 0  Instance: /data_mem_rv32i File: data_mem_rv32i.vo
ModelSim-Altera Info: #         Searched libraries:
ModelSim-Altera Info: #             D:/ARSIKOM/EL3011_1_20251105_13223048/Tugas3/simulation/modelsim/gate_work
ModelSim-Altera Error: # ** Error: (vsim-3033) data_mem_rv32i.vo(5443): Instantiation of 'stratixii_io' failed. The design unit was not found.
ModelSim-Altera Info: #    Time: 0 ps  Iteration: 0  Instance: /data_mem_rv32i File: data_mem_rv32i.vo
ModelSim-Altera Info: #         Searched libraries:
ModelSim-Altera Info: #             D:/ARSIKOM/EL3011_1_20251105_13223048/Tugas3/simulation/modelsim/gate_work
ModelSim-Altera Error: # ** Error: (vsim-3033) data_mem_rv32i.vo(5493): Instantiation of 'stratixii_io' failed. The design unit was not found.
ModelSim-Altera Info: #    Time: 0 ps  Iteration: 0  Instance: /data_mem_rv32i File: data_mem_rv32i.vo
ModelSim-Altera Info: #         Searched libraries:
ModelSim-Altera Info: #             D:/ARSIKOM/EL3011_1_20251105_13223048/Tugas3/simulation/modelsim/gate_work
ModelSim-Altera Error: # ** Error: (vsim-3033) data_mem_rv32i.vo(5543): Instantiation of 'stratixii_io' failed. The design unit was not found.
ModelSim-Altera Info: #    Time: 0 ps  Iteration: 0  Instance: /data_mem_rv32i File: data_mem_rv32i.vo
ModelSim-Altera Info: #         Searched libraries:
ModelSim-Altera Info: #             D:/ARSIKOM/EL3011_1_20251105_13223048/Tugas3/simulation/modelsim/gate_work
ModelSim-Altera Error: # ** Error: (vsim-3033) data_mem_rv32i.vo(5593): Instantiation of 'stratixii_io' failed. The design unit was not found.
ModelSim-Altera Info: #    Time: 0 ps  Iteration: 0  Instance: /data_mem_rv32i File: data_mem_rv32i.vo
ModelSim-Altera Info: #         Searched libraries:
ModelSim-Altera Info: #             D:/ARSIKOM/EL3011_1_20251105_13223048/Tugas3/simulation/modelsim/gate_work
ModelSim-Altera Error: # ** Error: (vsim-3033) data_mem_rv32i.vo(5643): Instantiation of 'stratixii_io' failed. The design unit was not found.
ModelSim-Altera Info: #    Time: 0 ps  Iteration: 0  Instance: /data_mem_rv32i File: data_mem_rv32i.vo
ModelSim-Altera Info: #         Searched libraries:
ModelSim-Altera Info: #             D:/ARSIKOM/EL3011_1_20251105_13223048/Tugas3/simulation/modelsim/gate_work
ModelSim-Altera Error: # ** Error: (vsim-3033) data_mem_rv32i.vo(5693): Instantiation of 'stratixii_io' failed. The design unit was not found.
ModelSim-Altera Info: #    Time: 0 ps  Iteration: 0  Instance: /data_mem_rv32i File: data_mem_rv32i.vo
ModelSim-Altera Info: #         Searched libraries:
ModelSim-Altera Info: #             D:/ARSIKOM/EL3011_1_20251105_13223048/Tugas3/simulation/modelsim/gate_work
ModelSim-Altera Error: # ** Error: (vsim-3033) data_mem_rv32i.vo(5743): Instantiation of 'stratixii_io' failed. The design unit was not found.
ModelSim-Altera Info: #    Time: 0 ps  Iteration: 0  Instance: /data_mem_rv32i File: data_mem_rv32i.vo
ModelSim-Altera Info: #         Searched libraries:
ModelSim-Altera Info: #             D:/ARSIKOM/EL3011_1_20251105_13223048/Tugas3/simulation/modelsim/gate_work
ModelSim-Altera Error: # ** Error: (vsim-3033) data_mem_rv32i.vo(5793): Instantiation of 'stratixii_io' failed. The design unit was not found.
ModelSim-Altera Info: #    Time: 0 ps  Iteration: 0  Instance: /data_mem_rv32i File: data_mem_rv32i.vo
ModelSim-Altera Info: #         Searched libraries:
ModelSim-Altera Info: #             D:/ARSIKOM/EL3011_1_20251105_13223048/Tugas3/simulation/modelsim/gate_work
ModelSim-Altera Error: # ** Error: (vsim-3033) data_mem_rv32i.vo(5843): Instantiation of 'stratixii_io' failed. The design unit was not found.
ModelSim-Altera Info: #    Time: 0 ps  Iteration: 0  Instance: /data_mem_rv32i File: data_mem_rv32i.vo
ModelSim-Altera Info: #         Searched libraries:
ModelSim-Altera Info: #             D:/ARSIKOM/EL3011_1_20251105_13223048/Tugas3/simulation/modelsim/gate_work
ModelSim-Altera Error: # ** Error: (vsim-3033) data_mem_rv32i.vo(5893): Instantiation of 'stratixii_io' failed. The design unit was not found.
ModelSim-Altera Info: #    Time: 0 ps  Iteration: 0  Instance: /data_mem_rv32i File: data_mem_rv32i.vo
ModelSim-Altera Info: #         Searched libraries:
ModelSim-Altera Info: #             D:/ARSIKOM/EL3011_1_20251105_13223048/Tugas3/simulation/modelsim/gate_work
ModelSim-Altera Error: # ** Error: (vsim-3033) data_mem_rv32i.vo(5943): Instantiation of 'stratixii_io' failed. The design unit was not found.
ModelSim-Altera Info: #    Time: 0 ps  Iteration: 0  Instance: /data_mem_rv32i File: data_mem_rv32i.vo
ModelSim-Altera Info: #         Searched libraries:
ModelSim-Altera Info: #             D:/ARSIKOM/EL3011_1_20251105_13223048/Tugas3/simulation/modelsim/gate_work
ModelSim-Altera Error: # ** Error: (vsim-3033) data_mem_rv32i.vo(5993): Instantiation of 'stratixii_io' failed. The design unit was not found.
ModelSim-Altera Info: #    Time: 0 ps  Iteration: 0  Instance: /data_mem_rv32i File: data_mem_rv32i.vo
ModelSim-Altera Info: #         Searched libraries:
ModelSim-Altera Info: #             D:/ARSIKOM/EL3011_1_20251105_13223048/Tugas3/simulation/modelsim/gate_work
ModelSim-Altera Error: # ** Error: (vsim-3033) data_mem_rv32i.vo(6043): Instantiation of 'stratixii_io' failed. The design unit was not found.
ModelSim-Altera Info: #    Time: 0 ps  Iteration: 0  Instance: /data_mem_rv32i File: data_mem_rv32i.vo
ModelSim-Altera Info: #         Searched libraries:
ModelSim-Altera Info: #             D:/ARSIKOM/EL3011_1_20251105_13223048/Tugas3/simulation/modelsim/gate_work
ModelSim-Altera Error: # ** Error: (vsim-3033) data_mem_rv32i.vo(6093): Instantiation of 'stratixii_io' failed. The design unit was not found.
ModelSim-Altera Info: #    Time: 0 ps  Iteration: 0  Instance: /data_mem_rv32i File: data_mem_rv32i.vo
ModelSim-Altera Info: #         Searched libraries:
ModelSim-Altera Info: #             D:/ARSIKOM/EL3011_1_20251105_13223048/Tugas3/simulation/modelsim/gate_work
ModelSim-Altera Error: # ** Error: (vsim-3033) data_mem_rv32i.vo(6143): Instantiation of 'stratixii_io' failed. The design unit was not found.
ModelSim-Altera Info: #    Time: 0 ps  Iteration: 0  Instance: /data_mem_rv32i File: data_mem_rv32i.vo
ModelSim-Altera Info: #         Searched libraries:
ModelSim-Altera Info: #             D:/ARSIKOM/EL3011_1_20251105_13223048/Tugas3/simulation/modelsim/gate_work
ModelSim-Altera Error: # ** Error: (vsim-3033) data_mem_rv32i.vo(6193): Instantiation of 'stratixii_io' failed. The design unit was not found.
ModelSim-Altera Info: #    Time: 0 ps  Iteration: 0  Instance: /data_mem_rv32i File: data_mem_rv32i.vo
ModelSim-Altera Info: #         Searched libraries:
ModelSim-Altera Info: #             D:/ARSIKOM/EL3011_1_20251105_13223048/Tugas3/simulation/modelsim/gate_work
ModelSim-Altera Error: # ** Error: (vsim-3033) data_mem_rv32i.vo(6243): Instantiation of 'stratixii_io' failed. The design unit was not found.
ModelSim-Altera Info: #    Time: 0 ps  Iteration: 0  Instance: /data_mem_rv32i File: data_mem_rv32i.vo
ModelSim-Altera Info: #         Searched libraries:
ModelSim-Altera Info: #             D:/ARSIKOM/EL3011_1_20251105_13223048/Tugas3/simulation/modelsim/gate_work
ModelSim-Altera Error: # ** Error: (vsim-3033) data_mem_rv32i.vo(6293): Instantiation of 'stratixii_io' failed. The design unit was not found.
ModelSim-Altera Info: #    Time: 0 ps  Iteration: 0  Instance: /data_mem_rv32i File: data_mem_rv32i.vo
ModelSim-Altera Info: #         Searched libraries:
ModelSim-Altera Info: #             D:/ARSIKOM/EL3011_1_20251105_13223048/Tugas3/simulation/modelsim/gate_work
ModelSim-Altera Info: # Error loading design
ModelSim-Altera Info: # End time: 22:14:50 on Nov 04,2025, Elapsed time: 0:00:01
ModelSim-Altera Info: # Errors: 142, Warnings: 0
ModelSim-Altera Info: vlog -reportprogress 300 -work work D:/ARSIKOM/EL3011_1_20251105_13223048/Tugas3/simulation/modelsim/data_mem_rv32i.vo
ModelSim-Altera Info: # Model Technology ModelSim - Intel FPGA Edition vlog 10.6d Compiler 2018.02 Feb 24 2018
ModelSim-Altera Info: # Start time: 22:15:01 on Nov 04,2025
ModelSim-Altera Info: # vlog -reportprogress 300 -work work D:/ARSIKOM/EL3011_1_20251105_13223048/Tugas3/simulation/modelsim/data_mem_rv32i.vo 
ModelSim-Altera Info: # -- Compiling module data_mem_rv32i
ModelSim-Altera Info: # 
ModelSim-Altera Info: # Top level modules:
ModelSim-Altera Info: # 	data_mem_rv32i
ModelSim-Altera Info: # End time: 22:15:01 on Nov 04,2025, Elapsed time: 0:00:00
ModelSim-Altera Info: # Errors: 0, Warnings: 0
ModelSim-Altera Info: vlog -reportprogress 300 -work work D:/ARSIKOM/EL3011_1_20251105_13223048/Tugas3/simulation/modelsim/data_mem_rv32i.vo
ModelSim-Altera Info: # Model Technology ModelSim - Intel FPGA Edition vlog 10.6d Compiler 2018.02 Feb 24 2018
ModelSim-Altera Info: # Start time: 22:15:02 on Nov 04,2025
ModelSim-Altera Info: # vlog -reportprogress 300 -work work D:/ARSIKOM/EL3011_1_20251105_13223048/Tugas3/simulation/modelsim/data_mem_rv32i.vo 
ModelSim-Altera Info: # -- Compiling module data_mem_rv32i
ModelSim-Altera Info: # 
ModelSim-Altera Info: # Top level modules:
ModelSim-Altera Info: # 	data_mem_rv32i
ModelSim-Altera Info: # End time: 22:15:02 on Nov 04,2025, Elapsed time: 0:00:00
ModelSim-Altera Info: # Errors: 0, Warnings: 0
ModelSim-Altera Info: vlog -reportprogress 300 -work work D:/ARSIKOM/EL3011_1_20251105_13223048/Tugas3/simulation/modelsim/data_mem_rv32i.vo
ModelSim-Altera Info: # Model Technology ModelSim - Intel FPGA Edition vlog 10.6d Compiler 2018.02 Feb 24 2018
ModelSim-Altera Info: # Start time: 22:15:03 on Nov 04,2025
ModelSim-Altera Info: # vlog -reportprogress 300 -work work D:/ARSIKOM/EL3011_1_20251105_13223048/Tugas3/simulation/modelsim/data_mem_rv32i.vo 
ModelSim-Altera Info: # -- Compiling module data_mem_rv32i
ModelSim-Altera Info: # 
ModelSim-Altera Info: # Top level modules:
ModelSim-Altera Info: # 	data_mem_rv32i
ModelSim-Altera Info: # End time: 22:15:03 on Nov 04,2025, Elapsed time: 0:00:00
ModelSim-Altera Info: # Errors: 0, Warnings: 0
ModelSim-Altera Info: vlog -reportprogress 300 -work work D:/ARSIKOM/EL3011_1_20251105_13223048/Tugas3/simulation/modelsim/data_mem_rv32i.vo
ModelSim-Altera Info: # Model Technology ModelSim - Intel FPGA Edition vlog 10.6d Compiler 2018.02 Feb 24 2018
ModelSim-Altera Info: # Start time: 22:15:03 on Nov 04,2025
ModelSim-Altera Info: # vlog -reportprogress 300 -work work D:/ARSIKOM/EL3011_1_20251105_13223048/Tugas3/simulation/modelsim/data_mem_rv32i.vo 
ModelSim-Altera Info: # -- Compiling module data_mem_rv32i
ModelSim-Altera Info: # 
ModelSim-Altera Info: # Top level modules:
ModelSim-Altera Info: # 	data_mem_rv32i
ModelSim-Altera Info: # End time: 22:15:03 on Nov 04,2025, Elapsed time: 0:00:00
ModelSim-Altera Info: # Errors: 0, Warnings: 0
ModelSim-Altera Info: transcript on
ModelSim-Altera Info: vlib work
ModelSim-Altera Info: vmap work work
ModelSim-Altera Info: # Model Technology ModelSim - Intel FPGA Edition vmap 10.6d Lib Mapping Utility 2018.02 Feb 24 2018
ModelSim-Altera Info: # vmap work work 
ModelSim-Altera Info: # Modifying modelsim.ini
ModelSim-Altera Info: 
ModelSim-Altera Info: # Kompilasi library bawaan Quartus (ubah path jika versi Quartus kamu berbeda)
ModelSim-Altera Info: vlog "C:/altera/91sp2/quartus/eda/sim_lib/altera_mf.v"
ModelSim-Altera Info: # Model Technology ModelSim - Intel FPGA Edition vlog 10.6d Compiler 2018.02 Feb 24 2018
ModelSim-Altera Info: # Start time: 22:16:38 on Nov 04,2025
ModelSim-Altera Info: # vlog -reportprogress 300 C:/altera/91sp2/quartus/eda/sim_lib/altera_mf.v 
ModelSim-Altera Info: # -- Compiling module lcell
ModelSim-Altera Info: # -- Compiling module ALTERA_MF_MEMORY_INITIALIZATION
ModelSim-Altera Info: # -- Compiling module ALTERA_MF_HINT_EVALUATION
ModelSim-Altera Info: # -- Compiling module ALTERA_DEVICE_FAMILIES
ModelSim-Altera Info: # -- Compiling module dffp
ModelSim-Altera Info: # -- Compiling module pll_iobuf
ModelSim-Altera Info: # -- Compiling module stx_m_cntr
ModelSim-Altera Info: # -- Compiling module stx_n_cntr
ModelSim-Altera Info: # -- Compiling module stx_scale_cntr
ModelSim-Altera Info: # -- Compiling module MF_pll_reg
ModelSim-Altera Info: # -- Compiling module MF_stratix_pll
ModelSim-Altera Info: # -- Compiling module arm_m_cntr
ModelSim-Altera Info: # -- Compiling module arm_n_cntr
ModelSim-Altera Info: # -- Compiling module arm_scale_cntr
ModelSim-Altera Info: # -- Compiling module MF_stratixii_pll
ModelSim-Altera Info: # -- Compiling module ttn_m_cntr
ModelSim-Altera Info: # -- Compiling module ttn_n_cntr
ModelSim-Altera Info: # -- Compiling module ttn_scale_cntr
ModelSim-Altera Info: # -- Compiling module MF_stratixiii_pll
ModelSim-Altera Info: # -- Compiling module cda_m_cntr
ModelSim-Altera Info: # -- Compiling module cda_n_cntr
ModelSim-Altera Info: # -- Compiling module cda_scale_cntr
ModelSim-Altera Info: # -- Compiling module MF_cycloneiii_pll
ModelSim-Altera Info: # -- Compiling module MF_cycloneiiigl_m_cntr
ModelSim-Altera Info: # -- Compiling module MF_cycloneiiigl_n_cntr
ModelSim-Altera Info: # -- Compiling module MF_cycloneiiigl_scale_cntr
ModelSim-Altera Info: # -- Compiling module cycloneiiigl_post_divider
ModelSim-Altera Info: # -- Compiling module MF_cycloneiiigl_pll
ModelSim-Altera Info: # -- Compiling module altpll
ModelSim-Altera Info: # -- Compiling module altlvds_rx
ModelSim-Altera Info: # -- Compiling module stratix_lvds_rx
ModelSim-Altera Info: # -- Compiling module stratixgx_dpa_lvds_rx
ModelSim-Altera Info: # -- Compiling module stratixii_lvds_rx
ModelSim-Altera Info: # -- Compiling module flexible_lvds_rx
ModelSim-Altera Info: # -- Compiling module stratixiii_lvds_rx
ModelSim-Altera Info: # -- Compiling module stratixiii_lvds_rx_channel
ModelSim-Altera Info: # -- Compiling module stratixiii_lvds_rx_dpa
ModelSim-Altera Info: # -- Compiling module altlvds_tx
ModelSim-Altera Info: # -- Compiling module stratix_tx_outclk
ModelSim-Altera Info: # -- Compiling module stratixii_tx_outclk
ModelSim-Altera Info: # -- Compiling module flexible_lvds_tx
ModelSim-Altera Info: # -- Compiling module dcfifo_dffpipe
ModelSim-Altera Info: # -- Compiling module dcfifo_fefifo
ModelSim-Altera Info: # -- Compiling module dcfifo_async
ModelSim-Altera Info: # -- Compiling module dcfifo_sync
ModelSim-Altera Info: # -- Compiling module dcfifo_low_latency
ModelSim-Altera Info: # -- Compiling module dcfifo_mixed_widths
ModelSim-Altera Info: # -- Compiling module dcfifo
ModelSim-Altera Info: # -- Compiling module altaccumulate
ModelSim-Altera Info: # -- Compiling module altmult_accum
ModelSim-Altera Info: # -- Compiling module altmult_add
ModelSim-Altera Info: # -- Compiling module altfp_mult
ModelSim-Altera Info: # -- Compiling module altsqrt
ModelSim-Altera Info: # -- Compiling module altclklock
ModelSim-Altera Info: # -- Compiling module altddio_in
ModelSim-Altera Info: # -- Compiling module altddio_out
ModelSim-Altera Info: # -- Compiling module altddio_bidir
ModelSim-Altera Info: # -- Compiling module altdpram
ModelSim-Altera Info: # -- Compiling module altsyncram
ModelSim-Altera Info: # -- Compiling module alt3pram
ModelSim-Altera Info: # -- Compiling module parallel_add
ModelSim-Altera Info: # -- Compiling module scfifo
ModelSim-Altera Info: # -- Compiling module altshift_taps
ModelSim-Altera Info: # -- Compiling module a_graycounter
ModelSim-Altera Info: # -- Compiling module altsquare
ModelSim-Altera Info: # -- Compiling module altera_std_synchronizer
ModelSim-Altera Info: # -- Compiling module altera_std_synchronizer_bundle
ModelSim-Altera Info: # -- Compiling module alt_cal
ModelSim-Altera Info: # -- Compiling module alt_cal_c3gxb
ModelSim-Altera Info: # -- Compiling module alt_aeq_s4
ModelSim-Altera Info: # -- Compiling module alt_eyemon
ModelSim-Altera Info: # -- Compiling module alt_dfe
ModelSim-Altera Info: # -- Compiling module signal_gen
ModelSim-Altera Info: # -- Compiling module jtag_tap_controller
ModelSim-Altera Info: # -- Compiling module dummy_hub
ModelSim-Altera Info: # -- Compiling module sld_virtual_jtag
ModelSim-Altera Info: # -- Compiling module sld_signaltap
ModelSim-Altera Info: # -- Compiling module altstratixii_oct
ModelSim-Altera Info: # -- Compiling module altparallel_flash_loader
ModelSim-Altera Info: # -- Compiling module altserial_flash_loader
ModelSim-Altera Info: # -- Compiling module altsource_probe
ModelSim-Altera Info: # 
ModelSim-Altera Info: # Top level modules:
ModelSim-Altera Info: # 	lcell
ModelSim-Altera Info: # 	altpll
ModelSim-Altera Info: # 	altlvds_rx
ModelSim-Altera Info: # 	altlvds_tx
ModelSim-Altera Info: # 	dcfifo
ModelSim-Altera Info: # 	altaccumulate
ModelSim-Altera Info: # 	altmult_accum
ModelSim-Altera Info: # 	altmult_add
ModelSim-Altera Info: # 	altfp_mult
ModelSim-Altera Info: # 	altsqrt
ModelSim-Altera Info: # 	altclklock
ModelSim-Altera Info: # 	altddio_bidir
ModelSim-Altera Info: # 	altdpram
ModelSim-Altera Info: # 	alt3pram
ModelSim-Altera Info: # 	parallel_add
ModelSim-Altera Info: # 	scfifo
ModelSim-Altera Info: # 	altshift_taps
ModelSim-Altera Info: # 	a_graycounter
ModelSim-Altera Info: # 	altsquare
ModelSim-Altera Info: # 	altera_std_synchronizer_bundle
ModelSim-Altera Info: # 	alt_cal
ModelSim-Altera Info: # 	alt_cal_c3gxb
ModelSim-Altera Info: # 	alt_aeq_s4
ModelSim-Altera Info: # 	alt_eyemon
ModelSim-Altera Info: # 	alt_dfe
ModelSim-Altera Info: # 	sld_virtual_jtag
ModelSim-Altera Info: # 	sld_signaltap
ModelSim-Altera Info: # 	altstratixii_oct
ModelSim-Altera Info: # 	altparallel_flash_loader
ModelSim-Altera Info: # 	altserial_flash_loader
ModelSim-Altera Info: # 	altsource_probe
ModelSim-Altera Info: # End time: 22:16:39 on Nov 04,2025, Elapsed time: 0:00:01
ModelSim-Altera Info: # Errors: 0, Warnings: 0
ModelSim-Altera Info: 
ModelSim-Altera Info: # Kompilasi file desain dan testbench
ModelSim-Altera Info: vlog instr_rom_rv32i.v
ModelSim-Altera Info: # Model Technology ModelSim - Intel FPGA Edition vlog 10.6d Compiler 2018.02 Feb 24 2018
ModelSim-Altera Info: # Start time: 22:16:39 on Nov 04,2025
ModelSim-Altera Info: # vlog -reportprogress 300 instr_rom_rv32i.v 
ModelSim-Altera Error: # ** Error: (vlog-7) Failed to open design unit file "instr_rom_rv32i.v" in read mode.
ModelSim-Altera Info: # No such file or directory. (errno = ENOENT)
ModelSim-Altera Info: # End time: 22:16:39 on Nov 04,2025, Elapsed time: 0:00:00
ModelSim-Altera Info: # Errors: 1, Warnings: 0
ModelSim-Altera Info: # C:/intelFPGA_pro/18.1/modelsim_ase/win32aloem/vlog failed.
ModelSim-Altera Info: vlog instr_rom_rv32i_tb.v
ModelSim-Altera Info: # Model Technology ModelSim - Intel FPGA Edition vlog 10.6d Compiler 2018.02 Feb 24 2018
ModelSim-Altera Info: # Start time: 22:16:39 on Nov 04,2025
ModelSim-Altera Info: # vlog -reportprogress 300 instr_rom_rv32i_tb.v 
ModelSim-Altera Error: # ** Error: (vlog-7) Failed to open design unit file "instr_rom_rv32i_tb.v" in read mode.
ModelSim-Altera Info: # No such file or directory. (errno = ENOENT)
ModelSim-Altera Info: # End time: 22:16:39 on Nov 04,2025, Elapsed time: 0:00:00
ModelSim-Altera Info: # Errors: 1, Warnings: 0
ModelSim-Altera Info: # C:/intelFPGA_pro/18.1/modelsim_ase/win32aloem/vlog failed.
ModelSim-Altera Info: 
ModelSim-Altera Info: # Jalankan simulasi
ModelSim-Altera Info: vsim instr_rom_rv32i_tb
ModelSim-Altera Info: # vsim instr_rom_rv32i_tb 
ModelSim-Altera Info: # Start time: 22:16:39 on Nov 04,2025
ModelSim-Altera Error: # ** Error: (vsim-3170) Could not find 'instr_rom_rv32i_tb'.
ModelSim-Altera Info: #         Searched libraries:
ModelSim-Altera Info: #             D:/ARSIKOM/EL3011_1_20251105_13223048/Tugas3/simulation/modelsim/work
ModelSim-Altera Info: # Error loading design
ModelSim-Altera Info: 
ModelSim-Altera Info: # Tampilkan sinyal penting di waveform
ModelSim-Altera Info: add wave sim:/instr_rom_rv32i_tb/*
ModelSim-Altera Info: # End time: 22:16:40 on Nov 04,2025, Elapsed time: 0:00:01
ModelSim-Altera Info: # Errors: 1, Warnings: 0
ModelSim-Altera Info: # Unrecognized dataset prefix: sim
ModelSim-Altera Info: run 1000ns
ModelSim-Altera Info: # No Design Loaded!
ModelSim-Altera Info: 
ModelSim-Altera Info: 
ModelSim-Altera Info: 
ModelSim-Altera Info: do D:/ARSIKOM/EL3011_1_20251105_13223048/Tugas3/simulate_percobaan3.do
ModelSim-Altera Info: # 
ModelSim-Altera Info: # Pindah ke folder tempat file Verilog kamu
ModelSim-Altera Info: # cd D:/ARSIKOM/EL3011_1_20251105_13223048/Tugas3
ModelSim-Altera Info: # reading C:/intelFPGA_pro/18.1/modelsim_ase/win32aloem/../modelsim.ini
ModelSim-Altera Info: # 
ModelSim-Altera Info: # vlib work
ModelSim-Altera Info: # vmap work work
ModelSim-Altera Info: # Model Technology ModelSim - Intel FPGA Edition vmap 10.6d Lib Mapping Utility 2018.02 Feb 24 2018
ModelSim-Altera Info: # vmap work work 
ModelSim-Altera Info: # Copying C:/intelFPGA_pro/18.1/modelsim_ase/win32aloem/../modelsim.ini to modelsim.ini
ModelSim-Altera Info: # Modifying modelsim.ini
ModelSim-Altera Info: # 
ModelSim-Altera Info: # Kompilasi library bawaan Quartus
ModelSim-Altera Info: # vlog "C:/intelFPGA_lite/18.1/quartus/eda/sim_lib/altera_mf.v"
ModelSim-Altera Info: # Model Technology ModelSim - Intel FPGA Edition vlog 10.6d Compiler 2018.02 Feb 24 2018
ModelSim-Altera Info: # Start time: 22:17:59 on Nov 04,2025
ModelSim-Altera Info: # vlog -reportprogress 300 C:/intelFPGA_lite/18.1/quartus/eda/sim_lib/altera_mf.v 
ModelSim-Altera Error: # ** Error: (vlog-7) Failed to open design unit file "C:/intelFPGA_lite/18.1/quartus/eda/sim_lib/altera_mf.v" in read mode.
ModelSim-Altera Info: # No such file or directory. (errno = ENOENT)
ModelSim-Altera Info: # End time: 22:17:59 on Nov 04,2025, Elapsed time: 0:00:00
ModelSim-Altera Info: # Errors: 1, Warnings: 0
ModelSim-Altera Error: # ** Error: C:/intelFPGA_pro/18.1/modelsim_ase/win32aloem/vlog failed.
ModelSim-Altera Info: # Error in macro D:\ARSIKOM\EL3011_1_20251105_13223048\Tugas3\simulate_percobaan3.do line 10
ModelSim-Altera Info: # C:/intelFPGA_pro/18.1/modelsim_ase/win32aloem/vlog failed.
ModelSim-Altera Info: #     while executing
ModelSim-Altera Info: # "vlog "C:/intelFPGA_lite/18.1/quartus/eda/sim_lib/altera_mf.v""
ModelSim-Altera Info: 
ModelSim-Altera Info: do D:/ARSIKOM/EL3011_1_20251105_13223048/Tugas3/simulate_percobaan3.do
ModelSim-Altera Info: # 
ModelSim-Altera Info: # Pindah ke folder tempat file Verilog kamu
ModelSim-Altera Info: # cd D:/ARSIKOM/EL3011_1_20251105_13223048/Tugas3
ModelSim-Altera Info: # reading modelsim.ini
ModelSim-Altera Info: # 
ModelSim-Altera Info: # vlib work
ModelSim-Altera Warning: # ** Warning: (vlib-34) Library already exists at "work".
ModelSim-Altera Info: # vmap work work
ModelSim-Altera Info: # Model Technology ModelSim - Intel FPGA Edition vmap 10.6d Lib Mapping Utility 2018.02 Feb 24 2018
ModelSim-Altera Info: # vmap work work 
ModelSim-Altera Info: # Modifying modelsim.ini
ModelSim-Altera Info: # 
ModelSim-Altera Info: # Kompilasi library bawaan Quartus
ModelSim-Altera Info: # vlog "C:/intelFPGA_lite/18.1/quartus/eda/sim_lib/altera_mf.v"
ModelSim-Altera Info: # Model Technology ModelSim - Intel FPGA Edition vlog 10.6d Compiler 2018.02 Feb 24 2018
ModelSim-Altera Info: # Start time: 22:18:32 on Nov 04,2025
ModelSim-Altera Info: # vlog -reportprogress 300 C:/intelFPGA_lite/18.1/quartus/eda/sim_lib/altera_mf.v 
ModelSim-Altera Error: # ** Error: (vlog-7) Failed to open design unit file "C:/intelFPGA_lite/18.1/quartus/eda/sim_lib/altera_mf.v" in read mode.
ModelSim-Altera Info: # No such file or directory. (errno = ENOENT)
ModelSim-Altera Info: # End time: 22:18:33 on Nov 04,2025, Elapsed time: 0:00:01
ModelSim-Altera Info: # Errors: 1, Warnings: 0
ModelSim-Altera Error: # ** Error: C:/intelFPGA_pro/18.1/modelsim_ase/win32aloem/vlog failed.
ModelSim-Altera Info: # Error in macro D:\ARSIKOM\EL3011_1_20251105_13223048\Tugas3\simulate_percobaan3.do line 10
ModelSim-Altera Info: # C:/intelFPGA_pro/18.1/modelsim_ase/win32aloem/vlog failed.
ModelSim-Altera Info: #     while executing
ModelSim-Altera Info: # "vlog "C:/intelFPGA_lite/18.1/quartus/eda/sim_lib/altera_mf.v""
ModelSim-Altera Info: 
ModelSim-Altera Info: 
ModelSim-Altera Info: do D:/ARSIKOM/EL3011_1_20251105_13223048/Tugas3/simulate_percobaan3.do
ModelSim-Altera Info: # 
ModelSim-Altera Info: # Pindah ke folder tempat file Verilog kamu
ModelSim-Altera Info: # cd D:/ARSIKOM/EL3011_1_20251105_13223048/Tugas3
ModelSim-Altera Info: # reading modelsim.ini
ModelSim-Altera Info: # 
ModelSim-Altera Info: # Buat dan petakan library kerja
ModelSim-Altera Info: # vlib work
ModelSim-Altera Warning: # ** Warning: (vlib-34) Library already exists at "work".
ModelSim-Altera Info: # vmap work work
ModelSim-Altera Info: # Model Technology ModelSim - Intel FPGA Edition vmap 10.6d Lib Mapping Utility 2018.02 Feb 24 2018
ModelSim-Altera Info: # vmap work work 
ModelSim-Altera Info: # Modifying modelsim.ini
ModelSim-Altera Info: # 
ModelSim-Altera Info: # Kompilasi library bawaan Quartus (VERSI PRO)
ModelSim-Altera Info: # vlog "C:/intelFPGA_pro/18.1/quartus/eda/sim_lib/altera_primitives.v"
ModelSim-Altera Info: # Model Technology ModelSim - Intel FPGA Edition vlog 10.6d Compiler 2018.02 Feb 24 2018
ModelSim-Altera Info: # Start time: 22:19:47 on Nov 04,2025
ModelSim-Altera Info: # vlog -reportprogress 300 C:/intelFPGA_pro/18.1/quartus/eda/sim_lib/altera_primitives.v 
ModelSim-Altera Error: # ** Error: (vlog-7) Failed to open design unit file "C:/intelFPGA_pro/18.1/quartus/eda/sim_lib/altera_primitives.v" in read mode.
ModelSim-Altera Info: # No such file or directory. (errno = ENOENT)
ModelSim-Altera Info: # End time: 22:19:47 on Nov 04,2025, Elapsed time: 0:00:00
ModelSim-Altera Info: # Errors: 1, Warnings: 0
ModelSim-Altera Error: # ** Error: C:/intelFPGA_pro/18.1/modelsim_ase/win32aloem/vlog failed.
ModelSim-Altera Info: # Error in macro D:\ARSIKOM\EL3011_1_20251105_13223048\Tugas3\simulate_percobaan3.do line 11
ModelSim-Altera Info: # C:/intelFPGA_pro/18.1/modelsim_ase/win32aloem/vlog failed.
ModelSim-Altera Info: #     while executing
ModelSim-Altera Info: # "vlog "C:/intelFPGA_pro/18.1/quartus/eda/sim_lib/altera_primitives.v""
ModelSim-Altera Info: 
ModelSim-Altera Info: 
Error: Errors encountered while running modelsim do file
Error: NativeLink simulation flow was NOT successful



================The following additional information is provided to help identify the cause of error while running nativelink scripts=================
Nativelink TCL script failed with errorCode:  1
Nativelink TCL script failed with errorInfo:  1
    (procedure "launch_sim" line 1)
    invoked from within
"launch_sim launch_args_hash"
    ("eval" body line 1)
    invoked from within
"eval launch_sim launch_args_hash"
    invoked from within
"if [ info exists ::errorCode ] {
				set savedCode $::errorCode
				set savedInfo $::errorInfo
				error $result $savedInfo $savedCode
			} else {
			..."
    invoked from within
"if [catch {eval launch_sim launch_args_hash} result ] {
			set status 1
			if [ info exists ::errorCode ] {
				set savedCode $::errorCode
				set sav..."
    (procedure "run_sim" line 85)
    invoked from within
"run_sim run_sim_args_hash"
    invoked from within
"if [ info exists ::errorCode ] {
			set savedCode $::errorCode
			set savedInfo $::errorInfo
			error "$result" $savedInfo $savedCode
		} else {
			er..."
    (procedure "run_eda_simulation_tool" line 257)
    invoked from within
"run_eda_simulation_tool eda_opts_hash"
